[0.047s] Invoking command in '/home/nvidia/UIKA/Quadruped_Uika/build/description': CMAKE_PREFIX_PATH=${CMAKE_PREFIX_PATH}:/home/nvidia/UIKA/Quadruped_Uika/install/dm_imu:/opt/ros/humble /usr/bin/cmake /home/nvidia/UIKA/Quadruped_Uika/src/description -DCMAKE_INSTALL_PREFIX=/home/nvidia/UIKA/Quadruped_Uika/install/description
[0.710s] -- The C compiler identification is GNU 11.4.0
[0.710s] -- The CXX compiler identification is GNU 11.4.0
[0.711s] -- Detecting C compiler ABI info
[0.712s] -- Detecting C compiler ABI info - done
[0.713s] -- Check for working C compiler: /usr/bin/cc - skipped
[0.713s] -- Detecting C compile features
[0.716s] -- Detecting C compile features - done
[0.716s] -- Detecting CXX compiler ABI info
[0.759s] -- Detecting CXX compiler ABI info - done
[0.776s] -- Check for working CXX compiler: /usr/bin/c++ - skipped
[0.777s] -- Detecting CXX compile features
[0.777s] -- Detecting CXX compile features - done
[0.784s] -- Found ament_cmake: 1.3.12 (/opt/ros/humble/share/ament_cmake/cmake)
[1.170s] -- Found Python3: /usr/bin/python3 (found version "3.10.12") found components: Interpreter 
[1.403s] -- Found ament_lint_auto: 0.12.14 (/opt/ros/humble/share/ament_lint_auto/cmake)
[1.604s] -- Added test 'lint_cmake' to check CMake code style
[1.610s] -- Added test 'xmllint' to check XML markup files
[1.613s] -- Configuring done
[1.623s] -- Generating done
[1.627s] -- Build files have been written to: /home/nvidia/UIKA/Quadruped_Uika/build/description
[1.638s] Invoked command in '/home/nvidia/UIKA/Quadruped_Uika/build/description' returned '0': CMAKE_PREFIX_PATH=${CMAKE_PREFIX_PATH}:/home/nvidia/UIKA/Quadruped_Uika/install/dm_imu:/opt/ros/humble /usr/bin/cmake /home/nvidia/UIKA/Quadruped_Uika/src/description -DCMAKE_INSTALL_PREFIX=/home/nvidia/UIKA/Quadruped_Uika/install/description
[1.643s] Invoking command in '/home/nvidia/UIKA/Quadruped_Uika/build/description': CMAKE_PREFIX_PATH=${CMAKE_PREFIX_PATH}:/home/nvidia/UIKA/Quadruped_Uika/install/dm_imu:/opt/ros/humble /usr/bin/cmake --build /home/nvidia/UIKA/Quadruped_Uika/build/description -- -j6 -l6
[1.729s] Invoked command in '/home/nvidia/UIKA/Quadruped_Uika/build/description' returned '0': CMAKE_PREFIX_PATH=${CMAKE_PREFIX_PATH}:/home/nvidia/UIKA/Quadruped_Uika/install/dm_imu:/opt/ros/humble /usr/bin/cmake --build /home/nvidia/UIKA/Quadruped_Uika/build/description -- -j6 -l6
[1.749s] Invoking command in '/home/nvidia/UIKA/Quadruped_Uika/build/description': CMAKE_PREFIX_PATH=${CMAKE_PREFIX_PATH}:/home/nvidia/UIKA/Quadruped_Uika/install/dm_imu:/opt/ros/humble /usr/bin/cmake --install /home/nvidia/UIKA/Quadruped_Uika/build/description
[1.767s] -- Install configuration: ""
[1.768s] -- Installing: /home/nvidia/UIKA/Quadruped_Uika/install/description/share/ament_index/resource_index/package_run_dependencies/description
[1.768s] -- Installing: /home/nvidia/UIKA/Quadruped_Uika/install/description/share/ament_index/resource_index/parent_prefix_path/description
[1.769s] -- Installing: /home/nvidia/UIKA/Quadruped_Uika/install/description/share/description/environment/ament_prefix_path.sh
[1.769s] -- Installing: /home/nvidia/UIKA/Quadruped_Uika/install/description/share/description/environment/ament_prefix_path.dsv
[1.769s] -- Installing: /home/nvidia/UIKA/Quadruped_Uika/install/description/share/description/environment/path.sh
[1.770s] -- Installing: /home/nvidia/UIKA/Quadruped_Uika/install/description/share/description/environment/path.dsv
[1.770s] -- Installing: /home/nvidia/UIKA/Quadruped_Uika/install/description/share/description/local_setup.bash
[1.775s] -- Installing: /home/nvidia/UIKA/Quadruped_Uika/install/description/share/description/local_setup.sh
[1.776s] -- Installing: /home/nvidia/UIKA/Quadruped_Uika/install/description/share/description/local_setup.zsh
[1.776s] -- Installing: /home/nvidia/UIKA/Quadruped_Uika/install/description/share/description/local_setup.dsv
[1.776s] -- Installing: /home/nvidia/UIKA/Quadruped_Uika/install/description/share/description/package.dsv
[1.789s] -- Installing: /home/nvidia/UIKA/Quadruped_Uika/install/description/share/ament_index/resource_index/packages/description
[1.790s] -- Installing: /home/nvidia/UIKA/Quadruped_Uika/install/description/share/description/cmake/descriptionConfig.cmake
[1.790s] -- Installing: /home/nvidia/UIKA/Quadruped_Uika/install/description/share/description/cmake/descriptionConfig-version.cmake
[1.790s] -- Installing: /home/nvidia/UIKA/Quadruped_Uika/install/description/share/description/package.xml
[1.790s] Invoked command in '/home/nvidia/UIKA/Quadruped_Uika/build/description' returned '0': CMAKE_PREFIX_PATH=${CMAKE_PREFIX_PATH}:/home/nvidia/UIKA/Quadruped_Uika/install/dm_imu:/opt/ros/humble /usr/bin/cmake --install /home/nvidia/UIKA/Quadruped_Uika/build/description
