[0.054s] Invoking command in '/home/nvidia/UIKA/build/a1_description': CMAKE_PREFIX_PATH=${CMAKE_PREFIX_PATH}:/home/nvidia/UIKA/Quadruped_Uika/install/dm_imu:/opt/ros/humble /usr/bin/cmake /home/nvidia/UIKA/rl_sar-main/src/rl_sar_zoo/a1_description -DCMAKE_INSTALL_PREFIX=/home/nvidia/UIKA/install/a1_description
[0.086s] -- Found ament_cmake: 1.3.12 (/opt/ros/humble/share/ament_cmake/cmake)
[0.545s] -- Found ament_lint_auto: 0.12.14 (/opt/ros/humble/share/ament_lint_auto/cmake)
[0.546s] -- Found urdf: 2.6.1 (/opt/ros/humble/share/urdf/cmake)
[0.674s] [31mCMake Error at CMakeLists.txt:20 (find_package):
[0.675s]   By not providing "Findxacro.cmake" in CMAKE_MODULE_PATH this project has
[0.675s]   asked CMake to find a package configuration file provided by "xacro", but
[0.675s]   CMake did not find one.
[0.675s] 
[0.675s]   Could not find a package configuration file provided by "xacro" with any of
[0.675s]   the following names:
[0.676s] 
[0.676s]     xacroConfig.cmake
[0.676s]     xacro-config.cmake
[0.676s] 
[0.676s]   Add the installation prefix of "xacro" to CMAKE_PREFIX_PATH or set
[0.677s]   "xacro_DIR" to a directory containing one of the above files.  If "xacro"
[0.677s]   provides a separate development package or SDK, be sure it has been
[0.677s]   installed.
[0.677s] 
[0.677s] [0m
[0.677s] -- Configuring incomplete, errors occurred!
[0.678s] See also "/home/nvidia/UIKA/build/a1_description/CMakeFiles/CMakeOutput.log".
[0.705s] Invoked command in '/home/nvidia/UIKA/build/a1_description' returned '1': CMAKE_PREFIX_PATH=${CMAKE_PREFIX_PATH}:/home/nvidia/UIKA/Quadruped_Uika/install/dm_imu:/opt/ros/humble /usr/bin/cmake /home/nvidia/UIKA/rl_sar-main/src/rl_sar_zoo/a1_description -DCMAKE_INSTALL_PREFIX=/home/nvidia/UIKA/install/a1_description
