[0.054s] Invoking command in '/home/nvidia/UIKA/Quadruped_Uika/build/interfaces': CMAKE_PREFIX_PATH=${CMAKE_PREFIX_PATH}:/home/nvidia/UIKA/Quadruped_Uika/install/dm_imu:/opt/ros/humble /usr/bin/cmake /home/nvidia/UIKA/Quadruped_Uika/src/interfaces -DCMAKE_INSTALL_PREFIX=/home/nvidia/UIKA/Quadruped_Uika/install/interfaces
[0.720s] -- The C compiler identification is GNU 11.4.0
[0.720s] -- The CXX compiler identification is GNU 11.4.0
[0.720s] -- Detecting C compiler ABI info
[0.720s] -- Detecting C compiler ABI info - done
[0.720s] -- Check for working C compiler: /usr/bin/cc - skipped
[0.720s] -- Detecting C compile features
[0.721s] -- Detecting C compile features - done
[0.721s] -- Detecting CXX compiler ABI info
[0.778s] -- Detecting CXX compiler ABI info - done
[0.792s] -- Check for working CXX compiler: /usr/bin/c++ - skipped
[0.792s] -- Detecting CXX compile features
[0.793s] -- Detecting CXX compile features - done
[0.800s] -- Found ament_cmake: 1.3.12 (/opt/ros/humble/share/ament_cmake/cmake)
[1.190s] -- Found Python3: /usr/bin/python3 (found version "3.10.12") found components: Interpreter 
[1.436s] -- Found rosidl_default_generators: 1.2.0 (/opt/ros/humble/share/rosidl_default_generators/cmake)
[1.445s] -- Using all available rosidl_typesupport_c: rosidl_typesupport_fastrtps_c;rosidl_typesupport_introspection_c
[1.461s] -- Found rosidl_adapter: 3.1.7 (/opt/ros/humble/share/rosidl_adapter/cmake)
[1.559s] -- Using all available rosidl_typesupport_cpp: rosidl_typesupport_fastrtps_cpp;rosidl_typesupport_introspection_cpp
[1.638s] -- Found std_msgs: 4.9.0 (/opt/ros/humble/share/std_msgs/cmake)
[1.699s] -- Found geometry_msgs: 4.9.0 (/opt/ros/humble/share/geometry_msgs/cmake)
[2.628s] -- Found ament_cmake_ros: 0.10.0 (/opt/ros/humble/share/ament_cmake_ros/cmake)
[3.236s] -- Using all available rosidl_typesupport_c: rosidl_typesupport_fastrtps_c;rosidl_typesupport_introspection_c
[4.018s] -- Using all available rosidl_typesupport_cpp: rosidl_typesupport_fastrtps_cpp;rosidl_typesupport_introspection_cpp
[4.077s] -- Found PythonInterp: /usr/bin/python3 (found suitable version "3.10.12", minimum required is "3.6") 
[4.082s] -- Found python_cmake_module: 0.10.0 (/opt/ros/humble/share/python_cmake_module/cmake)
[4.158s] -- Found PythonLibs: /usr/lib/aarch64-linux-gnu/libpython3.10.so (found suitable version "3.10.12", minimum required is "3.5") 
[4.158s] -- Using PYTHON_EXECUTABLE: /usr/bin/python3
[4.158s] -- Using PYTHON_INCLUDE_DIRS: /usr/include/python3.10
[4.159s] -- Using PYTHON_LIBRARIES: /usr/lib/aarch64-linux-gnu/libpython3.10.so
[4.215s] -- Found PythonExtra: .so  
[4.654s] -- Using numpy include directory: /usr/local/lib/python3.10/dist-packages/numpy/core/include
[4.689s] -- Found ament_lint_auto: 0.12.14 (/opt/ros/humble/share/ament_lint_auto/cmake)
[4.736s] -- Added test 'lint_cmake' to check CMake code style
[4.739s] -- Added test 'xmllint' to check XML markup files
[4.746s] -- Configuring done
[4.861s] -- Generating done
[4.891s] -- Build files have been written to: /home/nvidia/UIKA/Quadruped_Uika/build/interfaces
[4.911s] Invoked command in '/home/nvidia/UIKA/Quadruped_Uika/build/interfaces' returned '0': CMAKE_PREFIX_PATH=${CMAKE_PREFIX_PATH}:/home/nvidia/UIKA/Quadruped_Uika/install/dm_imu:/opt/ros/humble /usr/bin/cmake /home/nvidia/UIKA/Quadruped_Uika/src/interfaces -DCMAKE_INSTALL_PREFIX=/home/nvidia/UIKA/Quadruped_Uika/install/interfaces
[4.915s] Invoking command in '/home/nvidia/UIKA/Quadruped_Uika/build/interfaces': CMAKE_PREFIX_PATH=${CMAKE_PREFIX_PATH}:/home/nvidia/UIKA/Quadruped_Uika/install/dm_imu:/opt/ros/humble /usr/bin/cmake --build /home/nvidia/UIKA/Quadruped_Uika/build/interfaces -- -j6 -l6
[5.006s] [  1%] [34m[1mGenerating C code for ROS interfaces[0m
[5.034s] [  1%] [34m[1mGenerating C++ code for ROS interfaces[0m
[5.070s] [  1%] Built target ament_cmake_python_copy_interfaces
[5.707s] running egg_info
[5.708s] creating interfaces.egg-info
[5.710s] writing interfaces.egg-info/PKG-INFO
[5.711s] writing dependency_links to interfaces.egg-info/dependency_links.txt
[5.712s] writing top-level names to interfaces.egg-info/top_level.txt
[5.714s] writing manifest file 'interfaces.egg-info/SOURCES.txt'
[5.721s] reading manifest file 'interfaces.egg-info/SOURCES.txt'
[5.723s] writing manifest file 'interfaces.egg-info/SOURCES.txt'
[5.804s] [  1%] Built target ament_cmake_python_build_interfaces_egg
[8.223s] [  2%] [32mBuilding C object CMakeFiles/interfaces__rosidl_generator_c.dir/rosidl_generator_c/interfaces/msg/detail/base_state__functions.c.o[0m
[8.229s] [  3%] [32mBuilding C object CMakeFiles/interfaces__rosidl_generator_c.dir/rosidl_generator_c/interfaces/msg/detail/gait_phase__functions.c.o[0m
[8.232s] [  4%] [32mBuilding C object CMakeFiles/interfaces__rosidl_generator_c.dir/rosidl_generator_c/interfaces/msg/detail/single_foot_state__functions.c.o[0m
[8.233s] [  5%] [32mBuilding C object CMakeFiles/interfaces__rosidl_generator_c.dir/rosidl_generator_c/interfaces/msg/detail/contact_state__functions.c.o[0m
[8.247s] [  6%] Built target interfaces__cpp
[8.247s] [  6%] [32mBuilding C object CMakeFiles/interfaces__rosidl_generator_c.dir/rosidl_generator_c/interfaces/msg/detail/motion_command__functions.c.o[0m
[8.274s] [  7%] [34m[1mGenerating C++ type support dispatch for ROS interfaces[0m
[8.407s] [  8%] [32mBuilding C object CMakeFiles/interfaces__rosidl_generator_c.dir/rosidl_generator_c/interfaces/msg/detail/foot_state__functions.c.o[0m
[8.414s] [  9%] [32mBuilding C object CMakeFiles/interfaces__rosidl_generator_c.dir/rosidl_generator_c/interfaces/msg/detail/motor_command__functions.c.o[0m
[8.430s] [ 10%] [34m[1mGenerating C++ type support for eProsima Fast-RTPS[0m
[8.445s] [ 11%] [32mBuilding C object CMakeFiles/interfaces__rosidl_generator_c.dir/rosidl_generator_c/interfaces/msg/detail/motor_command12__functions.c.o[0m
[8.533s] [ 12%] [32mBuilding C object CMakeFiles/interfaces__rosidl_generator_c.dir/rosidl_generator_c/interfaces/msg/detail/motor_feedback__functions.c.o[0m
[8.584s] [ 13%] [32mBuilding C object CMakeFiles/interfaces__rosidl_generator_c.dir/rosidl_generator_c/interfaces/msg/detail/motor_feedback12__functions.c.o[0m
[8.586s] [ 14%] [34m[1mGenerating C++ introspection for ROS interfaces[0m
[8.755s] [ 15%] [32m[1mLinking C shared library libinterfaces__rosidl_generator_c.so[0m
[8.835s] [ 15%] Built target interfaces__rosidl_generator_c
[8.863s] [ 16%] [34m[1mGenerating C type support for eProsima Fast-RTPS[0m
[8.911s] [ 17%] [34m[1mGenerating C type support dispatch for ROS interfaces[0m
[8.921s] [ 18%] [34m[1mGenerating C introspection for ROS interfaces[0m
[11.081s] [ 19%] [32mBuilding CXX object CMakeFiles/interfaces__rosidl_typesupport_cpp.dir/rosidl_typesupport_cpp/interfaces/msg/base_state__type_support.cpp.o[0m
[11.874s] [ 20%] [32mBuilding CXX object CMakeFiles/interfaces__rosidl_typesupport_cpp.dir/rosidl_typesupport_cpp/interfaces/msg/contact_state__type_support.cpp.o[0m
[12.331s] [ 21%] [32mBuilding CXX object CMakeFiles/interfaces__rosidl_typesupport_fastrtps_cpp.dir/rosidl_typesupport_fastrtps_cpp/interfaces/msg/detail/dds_fastrtps/base_state__type_support.cpp.o[0m
[12.460s] [ 22%] [32mBuilding CXX object CMakeFiles/interfaces__rosidl_typesupport_introspection_cpp.dir/rosidl_typesupport_introspection_cpp/interfaces/msg/detail/base_state__type_support.cpp.o[0m
[12.470s] [ 23%] [32mBuilding CXX object CMakeFiles/interfaces__rosidl_typesupport_c.dir/rosidl_typesupport_c/interfaces/msg/base_state__type_support.cpp.o[0m
[12.545s] [ 24%] [32mBuilding CXX object CMakeFiles/interfaces__rosidl_typesupport_c.dir/rosidl_typesupport_c/interfaces/msg/contact_state__type_support.cpp.o[0m
[12.611s] [ 25%] [32mBuilding CXX object CMakeFiles/interfaces__rosidl_typesupport_fastrtps_c.dir/rosidl_typesupport_fastrtps_c/interfaces/msg/detail/base_state__type_support_c.cpp.o[0m
[12.623s] [ 26%] [32mBuilding CXX object CMakeFiles/interfaces__rosidl_typesupport_c.dir/rosidl_typesupport_c/interfaces/msg/gait_phase__type_support.cpp.o[0m
[12.660s] [ 27%] [32mBuilding CXX object CMakeFiles/interfaces__rosidl_typesupport_cpp.dir/rosidl_typesupport_cpp/interfaces/msg/gait_phase__type_support.cpp.o[0m
[12.728s] [ 28%] [32mBuilding CXX object CMakeFiles/interfaces__rosidl_typesupport_c.dir/rosidl_typesupport_c/interfaces/msg/motion_command__type_support.cpp.o[0m
[12.736s] [ 29%] [32mBuilding C object CMakeFiles/interfaces__rosidl_typesupport_introspection_c.dir/rosidl_typesupport_introspection_c/interfaces/msg/detail/base_state__type_support.c.o[0m
[12.848s] [ 30%] [32mBuilding CXX object CMakeFiles/interfaces__rosidl_typesupport_c.dir/rosidl_typesupport_c/interfaces/msg/single_foot_state__type_support.cpp.o[0m
[12.885s] [ 31%] [32mBuilding C object CMakeFiles/interfaces__rosidl_typesupport_introspection_c.dir/rosidl_typesupport_introspection_c/interfaces/msg/detail/contact_state__type_support.c.o[0m
[12.992s] [ 32%] [32mBuilding CXX object CMakeFiles/interfaces__rosidl_typesupport_c.dir/rosidl_typesupport_c/interfaces/msg/foot_state__type_support.cpp.o[0m
[13.062s] [ 33%] [32mBuilding C object CMakeFiles/interfaces__rosidl_typesupport_introspection_c.dir/rosidl_typesupport_introspection_c/interfaces/msg/detail/gait_phase__type_support.c.o[0m
[13.080s] [ 34%] [32mBuilding CXX object CMakeFiles/interfaces__rosidl_typesupport_c.dir/rosidl_typesupport_c/interfaces/msg/motor_command__type_support.cpp.o[0m
[13.234s] [ 35%] [32mBuilding C object CMakeFiles/interfaces__rosidl_typesupport_introspection_c.dir/rosidl_typesupport_introspection_c/interfaces/msg/detail/motion_command__type_support.c.o[0m
[13.241s] [ 36%] [32mBuilding CXX object CMakeFiles/interfaces__rosidl_typesupport_c.dir/rosidl_typesupport_c/interfaces/msg/motor_command12__type_support.cpp.o[0m
[13.325s] [ 37%] [32mBuilding C object CMakeFiles/interfaces__rosidl_typesupport_introspection_c.dir/rosidl_typesupport_introspection_c/interfaces/msg/detail/single_foot_state__type_support.c.o[0m
[13.360s] [ 38%] [32mBuilding CXX object CMakeFiles/interfaces__rosidl_typesupport_fastrtps_cpp.dir/rosidl_typesupport_fastrtps_cpp/interfaces/msg/detail/dds_fastrtps/contact_state__type_support.cpp.o[0m
[13.421s] [ 38%] [32mBuilding CXX object CMakeFiles/interfaces__rosidl_typesupport_c.dir/rosidl_typesupport_c/interfaces/msg/motor_feedback__type_support.cpp.o[0m
[13.428s] [ 39%] [32mBuilding C object CMakeFiles/interfaces__rosidl_typesupport_introspection_c.dir/rosidl_typesupport_introspection_c/interfaces/msg/detail/foot_state__type_support.c.o[0m
[13.526s] [ 40%] [32mBuilding CXX object CMakeFiles/interfaces__rosidl_typesupport_cpp.dir/rosidl_typesupport_cpp/interfaces/msg/motion_command__type_support.cpp.o[0m
[13.551s] [ 41%] [32mBuilding CXX object CMakeFiles/interfaces__rosidl_typesupport_c.dir/rosidl_typesupport_c/interfaces/msg/motor_feedback12__type_support.cpp.o[0m
[13.557s] [ 42%] [32mBuilding C object CMakeFiles/interfaces__rosidl_typesupport_introspection_c.dir/rosidl_typesupport_introspection_c/interfaces/msg/detail/motor_command__type_support.c.o[0m
[13.659s] [ 43%] [32m[1mLinking CXX shared library libinterfaces__rosidl_typesupport_c.so[0m
[13.668s] [ 44%] [32mBuilding C object CMakeFiles/interfaces__rosidl_typesupport_introspection_c.dir/rosidl_typesupport_introspection_c/interfaces/msg/detail/motor_command12__type_support.c.o[0m
[13.809s] [ 45%] [32mBuilding CXX object CMakeFiles/interfaces__rosidl_typesupport_fastrtps_c.dir/rosidl_typesupport_fastrtps_c/interfaces/msg/detail/contact_state__type_support_c.cpp.o[0m
[13.813s] [ 45%] Built target interfaces__rosidl_typesupport_c
[13.829s] [ 46%] [32mBuilding C object CMakeFiles/interfaces__rosidl_typesupport_introspection_c.dir/rosidl_typesupport_introspection_c/interfaces/msg/detail/motor_feedback__type_support.c.o[0m
[13.840s] [ 47%] [32mBuilding CXX object CMakeFiles/interfaces__rosidl_typesupport_fastrtps_c.dir/rosidl_typesupport_fastrtps_c/interfaces/msg/detail/gait_phase__type_support_c.cpp.o[0m
[13.898s] [ 48%] [32mBuilding CXX object CMakeFiles/interfaces__rosidl_typesupport_introspection_cpp.dir/rosidl_typesupport_introspection_cpp/interfaces/msg/detail/contact_state__type_support.cpp.o[0m
[13.961s] [ 49%] [32mBuilding C object CMakeFiles/interfaces__rosidl_typesupport_introspection_c.dir/rosidl_typesupport_introspection_c/interfaces/msg/detail/motor_feedback12__type_support.c.o[0m
[14.162s] [ 50%] [32m[1mLinking C shared library libinterfaces__rosidl_typesupport_introspection_c.so[0m
[14.292s] [ 51%] [32mBuilding CXX object CMakeFiles/interfaces__rosidl_typesupport_cpp.dir/rosidl_typesupport_cpp/interfaces/msg/single_foot_state__type_support.cpp.o[0m
[14.313s] [ 51%] Built target interfaces__rosidl_typesupport_introspection_c
[14.373s] [ 52%] [32mBuilding CXX object CMakeFiles/interfaces__rosidl_typesupport_introspection_cpp.dir/rosidl_typesupport_introspection_cpp/interfaces/msg/detail/gait_phase__type_support.cpp.o[0m
[14.467s] [ 52%] [32mBuilding CXX object CMakeFiles/interfaces__rosidl_typesupport_fastrtps_cpp.dir/rosidl_typesupport_fastrtps_cpp/interfaces/msg/detail/dds_fastrtps/gait_phase__type_support.cpp.o[0m
[14.759s] [ 53%] [32mBuilding CXX object CMakeFiles/interfaces__rosidl_typesupport_fastrtps_c.dir/rosidl_typesupport_fastrtps_c/interfaces/msg/detail/motion_command__type_support_c.cpp.o[0m
[14.854s] [ 54%] [32mBuilding CXX object CMakeFiles/interfaces__rosidl_typesupport_fastrtps_cpp.dir/rosidl_typesupport_fastrtps_cpp/interfaces/msg/detail/dds_fastrtps/motion_command__type_support.cpp.o[0m
[15.105s] [ 55%] [32mBuilding CXX object CMakeFiles/interfaces__rosidl_typesupport_cpp.dir/rosidl_typesupport_cpp/interfaces/msg/foot_state__type_support.cpp.o[0m
[15.258s] [ 56%] [32mBuilding CXX object CMakeFiles/interfaces__rosidl_typesupport_introspection_cpp.dir/rosidl_typesupport_introspection_cpp/interfaces/msg/detail/motion_command__type_support.cpp.o[0m
[15.663s] [ 57%] [32mBuilding CXX object CMakeFiles/interfaces__rosidl_typesupport_introspection_cpp.dir/rosidl_typesupport_introspection_cpp/interfaces/msg/detail/single_foot_state__type_support.cpp.o[0m
[15.684s] [ 58%] [32mBuilding CXX object CMakeFiles/interfaces__rosidl_typesupport_fastrtps_cpp.dir/rosidl_typesupport_fastrtps_cpp/interfaces/msg/detail/dds_fastrtps/single_foot_state__type_support.cpp.o[0m
[15.936s] [ 59%] [32mBuilding CXX object CMakeFiles/interfaces__rosidl_typesupport_cpp.dir/rosidl_typesupport_cpp/interfaces/msg/motor_command__type_support.cpp.o[0m
[16.161s] [ 60%] [32mBuilding CXX object CMakeFiles/interfaces__rosidl_typesupport_fastrtps_c.dir/rosidl_typesupport_fastrtps_c/interfaces/msg/detail/single_foot_state__type_support_c.cpp.o[0m
[16.230s] [ 61%] [32mBuilding CXX object CMakeFiles/interfaces__rosidl_typesupport_fastrtps_cpp.dir/rosidl_typesupport_fastrtps_cpp/interfaces/msg/detail/dds_fastrtps/foot_state__type_support.cpp.o[0m
[16.542s] [ 62%] [32mBuilding CXX object CMakeFiles/interfaces__rosidl_typesupport_introspection_cpp.dir/rosidl_typesupport_introspection_cpp/interfaces/msg/detail/foot_state__type_support.cpp.o[0m
[16.773s] [ 63%] [32mBuilding CXX object CMakeFiles/interfaces__rosidl_typesupport_cpp.dir/rosidl_typesupport_cpp/interfaces/msg/motor_command12__type_support.cpp.o[0m
[16.925s] [ 64%] [32mBuilding CXX object CMakeFiles/interfaces__rosidl_typesupport_introspection_cpp.dir/rosidl_typesupport_introspection_cpp/interfaces/msg/detail/motor_command__type_support.cpp.o[0m
[17.066s] [ 65%] [32mBuilding CXX object CMakeFiles/interfaces__rosidl_typesupport_fastrtps_cpp.dir/rosidl_typesupport_fastrtps_cpp/interfaces/msg/detail/dds_fastrtps/motor_command__type_support.cpp.o[0m
[17.296s] [ 66%] [32mBuilding CXX object CMakeFiles/interfaces__rosidl_typesupport_fastrtps_c.dir/rosidl_typesupport_fastrtps_c/interfaces/msg/detail/foot_state__type_support_c.cpp.o[0m
[17.402s] [ 67%] [32mBuilding CXX object CMakeFiles/interfaces__rosidl_typesupport_fastrtps_cpp.dir/rosidl_typesupport_fastrtps_cpp/interfaces/msg/detail/dds_fastrtps/motor_command12__type_support.cpp.o[0m
[17.651s] [ 68%] [32mBuilding CXX object CMakeFiles/interfaces__rosidl_typesupport_cpp.dir/rosidl_typesupport_cpp/interfaces/msg/motor_feedback__type_support.cpp.o[0m
[17.721s] [ 69%] [32mBuilding CXX object CMakeFiles/interfaces__rosidl_typesupport_introspection_cpp.dir/rosidl_typesupport_introspection_cpp/interfaces/msg/detail/motor_command12__type_support.cpp.o[0m
[18.210s] [ 70%] [32mBuilding CXX object CMakeFiles/interfaces__rosidl_typesupport_introspection_cpp.dir/rosidl_typesupport_introspection_cpp/interfaces/msg/detail/motor_feedback__type_support.cpp.o[0m
[18.396s] [ 71%] [32mBuilding CXX object CMakeFiles/interfaces__rosidl_typesupport_introspection_cpp.dir/rosidl_typesupport_introspection_cpp/interfaces/msg/detail/motor_feedback12__type_support.cpp.o[0m
[18.441s] [ 72%] [32mBuilding CXX object CMakeFiles/interfaces__rosidl_typesupport_fastrtps_c.dir/rosidl_typesupport_fastrtps_c/interfaces/msg/detail/motor_command__type_support_c.cpp.o[0m
[18.504s] [ 73%] [32mBuilding CXX object CMakeFiles/interfaces__rosidl_typesupport_cpp.dir/rosidl_typesupport_cpp/interfaces/msg/motor_feedback12__type_support.cpp.o[0m
[18.721s] [ 74%] [32mBuilding CXX object CMakeFiles/interfaces__rosidl_typesupport_fastrtps_cpp.dir/rosidl_typesupport_fastrtps_cpp/interfaces/msg/detail/dds_fastrtps/motor_feedback__type_support.cpp.o[0m
[18.935s] [ 75%] [32mBuilding CXX object CMakeFiles/interfaces__rosidl_typesupport_fastrtps_cpp.dir/rosidl_typesupport_fastrtps_cpp/interfaces/msg/detail/dds_fastrtps/motor_feedback12__type_support.cpp.o[0m
[19.413s] [ 76%] [32mBuilding CXX object CMakeFiles/interfaces__rosidl_typesupport_fastrtps_c.dir/rosidl_typesupport_fastrtps_c/interfaces/msg/detail/motor_command12__type_support_c.cpp.o[0m
[19.475s] [ 77%] [32mBuilding CXX object CMakeFiles/interfaces__rosidl_typesupport_fastrtps_c.dir/rosidl_typesupport_fastrtps_c/interfaces/msg/detail/motor_feedback__type_support_c.cpp.o[0m
[19.496s] [ 78%] [32m[1mLinking CXX shared library libinterfaces__rosidl_typesupport_cpp.so[0m
[19.583s] [ 79%] [32m[1mLinking CXX shared library libinterfaces__rosidl_typesupport_introspection_cpp.so[0m
[19.619s] [ 79%] Built target interfaces__rosidl_typesupport_cpp
[19.640s] [ 80%] [32mBuilding CXX object CMakeFiles/interfaces__rosidl_typesupport_fastrtps_c.dir/rosidl_typesupport_fastrtps_c/interfaces/msg/detail/motor_feedback12__type_support_c.cpp.o[0m
[19.795s] [ 80%] Built target interfaces__rosidl_typesupport_introspection_cpp
[20.081s] [ 81%] [32m[1mLinking CXX shared library libinterfaces__rosidl_typesupport_fastrtps_cpp.so[0m
[20.279s] [ 81%] Built target interfaces__rosidl_typesupport_fastrtps_cpp
[20.490s] [ 82%] [32m[1mLinking CXX shared library libinterfaces__rosidl_typesupport_fastrtps_c.so[0m
[20.661s] [ 82%] Built target interfaces__rosidl_typesupport_fastrtps_c
[20.705s] [ 82%] Built target interfaces
[20.751s] [ 83%] [34m[1mGenerating Python code for ROS interfaces[0m
[25.714s] [ 83%] Built target interfaces__py
[25.759s] [ 84%] [32mBuilding C object CMakeFiles/interfaces__rosidl_generator_py.dir/rosidl_generator_py/interfaces/msg/_gait_phase_s.c.o[0m
[25.760s] [ 85%] [32mBuilding C object CMakeFiles/interfaces__rosidl_generator_py.dir/rosidl_generator_py/interfaces/msg/_base_state_s.c.o[0m
[25.762s] [ 87%] [32mBuilding C object CMakeFiles/interfaces__rosidl_generator_py.dir/rosidl_generator_py/interfaces/msg/_contact_state_s.c.o[0m
[25.762s] [ 87%] [32mBuilding C object CMakeFiles/interfaces__rosidl_generator_py.dir/rosidl_generator_py/interfaces/msg/_single_foot_state_s.c.o[0m
[25.767s] [ 88%] [32mBuilding C object CMakeFiles/interfaces__rosidl_generator_py.dir/rosidl_generator_py/interfaces/msg/_motion_command_s.c.o[0m
[25.781s] [ 89%] [32mBuilding C object CMakeFiles/interfaces__rosidl_generator_py.dir/rosidl_generator_py/interfaces/msg/_foot_state_s.c.o[0m
[26.094s] [ 90%] [32mBuilding C object CMakeFiles/interfaces__rosidl_generator_py.dir/rosidl_generator_py/interfaces/msg/_motor_command_s.c.o[0m
[26.096s] [ 91%] [32mBuilding C object CMakeFiles/interfaces__rosidl_generator_py.dir/rosidl_generator_py/interfaces/msg/_motor_feedback_s.c.o[0m
[26.099s] [ 92%] [32mBuilding C object CMakeFiles/interfaces__rosidl_generator_py.dir/rosidl_generator_py/interfaces/msg/_motor_command12_s.c.o[0m
[26.115s] [ 93%] [32mBuilding C object CMakeFiles/interfaces__rosidl_generator_py.dir/rosidl_generator_py/interfaces/msg/_motor_feedback12_s.c.o[0m
[26.365s] [ 94%] [32m[1mLinking C shared library rosidl_generator_py/interfaces/libinterfaces__rosidl_generator_py.so[0m
[26.451s] [ 94%] Built target interfaces__rosidl_generator_py
[26.494s] [ 97%] [32mBuilding C object CMakeFiles/interfaces__rosidl_typesupport_c__pyext.dir/rosidl_generator_py/interfaces/_interfaces_s.ep.rosidl_typesupport_c.c.o[0m
[26.494s] [ 96%] [32mBuilding C object CMakeFiles/interfaces__rosidl_typesupport_fastrtps_c__pyext.dir/rosidl_generator_py/interfaces/_interfaces_s.ep.rosidl_typesupport_fastrtps_c.c.o[0m
[26.494s] [ 97%] [32mBuilding C object CMakeFiles/interfaces__rosidl_typesupport_introspection_c__pyext.dir/rosidl_generator_py/interfaces/_interfaces_s.ep.rosidl_typesupport_introspection_c.c.o[0m
[26.794s] [100%] [32m[1mLinking C shared library rosidl_generator_py/interfaces/interfaces_s__rosidl_typesupport_fastrtps_c.cpython-310-aarch64-linux-gnu.so[0m
[26.794s] [100%] [32m[1mLinking C shared library rosidl_generator_py/interfaces/interfaces_s__rosidl_typesupport_introspection_c.cpython-310-aarch64-linux-gnu.so[0m
[26.795s] [100%] [32m[1mLinking C shared library rosidl_generator_py/interfaces/interfaces_s__rosidl_typesupport_c.cpython-310-aarch64-linux-gnu.so[0m
[26.884s] [100%] Built target interfaces__rosidl_typesupport_c__pyext
[26.887s] [100%] Built target interfaces__rosidl_typesupport_fastrtps_c__pyext
[26.887s] [100%] Built target interfaces__rosidl_typesupport_introspection_c__pyext
[26.920s] Invoked command in '/home/nvidia/UIKA/Quadruped_Uika/build/interfaces' returned '0': CMAKE_PREFIX_PATH=${CMAKE_PREFIX_PATH}:/home/nvidia/UIKA/Quadruped_Uika/install/dm_imu:/opt/ros/humble /usr/bin/cmake --build /home/nvidia/UIKA/Quadruped_Uika/build/interfaces -- -j6 -l6
[26.925s] Invoking command in '/home/nvidia/UIKA/Quadruped_Uika/build/interfaces': CMAKE_PREFIX_PATH=${CMAKE_PREFIX_PATH}:/home/nvidia/UIKA/Quadruped_Uika/install/dm_imu:/opt/ros/humble /usr/bin/cmake --install /home/nvidia/UIKA/Quadruped_Uika/build/interfaces
[26.942s] -- Install configuration: ""
[26.943s] -- Installing: /home/nvidia/UIKA/Quadruped_Uika/install/interfaces/share/ament_index/resource_index/rosidl_interfaces/interfaces
[26.943s] -- Installing: /home/nvidia/UIKA/Quadruped_Uika/install/interfaces/include/interfaces/interfaces
[26.943s] -- Installing: /home/nvidia/UIKA/Quadruped_Uika/install/interfaces/include/interfaces/interfaces/msg
[26.943s] -- Installing: /home/nvidia/UIKA/Quadruped_Uika/install/interfaces/include/interfaces/interfaces/msg/motor_feedback12.h
[26.944s] -- Installing: /home/nvidia/UIKA/Quadruped_Uika/install/interfaces/include/interfaces/interfaces/msg/single_foot_state.h
[26.944s] -- Installing: /home/nvidia/UIKA/Quadruped_Uika/install/interfaces/include/interfaces/interfaces/msg/foot_state.h
[26.944s] -- Installing: /home/nvidia/UIKA/Quadruped_Uika/install/interfaces/include/interfaces/interfaces/msg/motor_command.h
[26.944s] -- Installing: /home/nvidia/UIKA/Quadruped_Uika/install/interfaces/include/interfaces/interfaces/msg/motion_command.h
[26.945s] -- Installing: /home/nvidia/UIKA/Quadruped_Uika/install/interfaces/include/interfaces/interfaces/msg/motor_command12.h
[26.945s] -- Installing: /home/nvidia/UIKA/Quadruped_Uika/install/interfaces/include/interfaces/interfaces/msg/detail
[26.945s] -- Installing: /home/nvidia/UIKA/Quadruped_Uika/install/interfaces/include/interfaces/interfaces/msg/detail/base_state__struct.h
[26.945s] -- Installing: /home/nvidia/UIKA/Quadruped_Uika/install/interfaces/include/interfaces/interfaces/msg/detail/motor_command12__type_support.h
[26.946s] -- Installing: /home/nvidia/UIKA/Quadruped_Uika/install/interfaces/include/interfaces/interfaces/msg/detail/motor_feedback__functions.h
[26.946s] -- Installing: /home/nvidia/UIKA/Quadruped_Uika/install/interfaces/include/interfaces/interfaces/msg/detail/single_foot_state__functions.h
[26.946s] -- Installing: /home/nvidia/UIKA/Quadruped_Uika/install/interfaces/include/interfaces/interfaces/msg/detail/motion_command__type_support.h
[26.946s] -- Installing: /home/nvidia/UIKA/Quadruped_Uika/install/interfaces/include/interfaces/interfaces/msg/detail/gait_phase__functions.c
[26.946s] -- Installing: /home/nvidia/UIKA/Quadruped_Uika/install/interfaces/include/interfaces/interfaces/msg/detail/motor_command__struct.h
[26.947s] -- Installing: /home/nvidia/UIKA/Quadruped_Uika/install/interfaces/include/interfaces/interfaces/msg/detail/single_foot_state__functions.c
[26.947s] -- Installing: /home/nvidia/UIKA/Quadruped_Uika/install/interfaces/include/interfaces/interfaces/msg/detail/contact_state__type_support.h
[26.947s] -- Installing: /home/nvidia/UIKA/Quadruped_Uika/install/interfaces/include/interfaces/interfaces/msg/detail/foot_state__functions.h
[26.947s] -- Installing: /home/nvidia/UIKA/Quadruped_Uika/install/interfaces/include/interfaces/interfaces/msg/detail/gait_phase__type_support.h
[26.948s] -- Installing: /home/nvidia/UIKA/Quadruped_Uika/install/interfaces/include/interfaces/interfaces/msg/detail/foot_state__functions.c
[26.948s] -- Installing: /home/nvidia/UIKA/Quadruped_Uika/install/interfaces/include/interfaces/interfaces/msg/detail/motor_feedback12__type_support.h
[26.948s] -- Installing: /home/nvidia/UIKA/Quadruped_Uika/install/interfaces/include/interfaces/interfaces/msg/detail/single_foot_state__struct.h
[26.948s] -- Installing: /home/nvidia/UIKA/Quadruped_Uika/install/interfaces/include/interfaces/interfaces/msg/detail/contact_state__functions.h
[26.949s] -- Installing: /home/nvidia/UIKA/Quadruped_Uika/install/interfaces/include/interfaces/interfaces/msg/detail/contact_state__struct.h
[26.949s] -- Installing: /home/nvidia/UIKA/Quadruped_Uika/install/interfaces/include/interfaces/interfaces/msg/detail/motor_command__type_support.h
[26.949s] -- Installing: /home/nvidia/UIKA/Quadruped_Uika/install/interfaces/include/interfaces/interfaces/msg/detail/single_foot_state__type_support.h
[26.949s] -- Installing: /home/nvidia/UIKA/Quadruped_Uika/install/interfaces/include/interfaces/interfaces/msg/detail/motor_feedback12__functions.c
[26.950s] -- Installing: /home/nvidia/UIKA/Quadruped_Uika/install/interfaces/include/interfaces/interfaces/msg/detail/base_state__functions.h
[26.950s] -- Installing: /home/nvidia/UIKA/Quadruped_Uika/install/interfaces/include/interfaces/interfaces/msg/detail/motion_command__functions.c
[26.950s] -- Installing: /home/nvidia/UIKA/Quadruped_Uika/install/interfaces/include/interfaces/interfaces/msg/detail/foot_state__struct.h
[26.950s] -- Installing: /home/nvidia/UIKA/Quadruped_Uika/install/interfaces/include/interfaces/interfaces/msg/detail/contact_state__functions.c
[26.951s] -- Installing: /home/nvidia/UIKA/Quadruped_Uika/install/interfaces/include/interfaces/interfaces/msg/detail/motor_command12__functions.h
[26.951s] -- Installing: /home/nvidia/UIKA/Quadruped_Uika/install/interfaces/include/interfaces/interfaces/msg/detail/motion_command__functions.h
[26.951s] -- Installing: /home/nvidia/UIKA/Quadruped_Uika/install/interfaces/include/interfaces/interfaces/msg/detail/foot_state__type_support.h
[26.951s] -- Installing: /home/nvidia/UIKA/Quadruped_Uika/install/interfaces/include/interfaces/interfaces/msg/detail/motion_command__struct.h
[26.952s] -- Installing: /home/nvidia/UIKA/Quadruped_Uika/install/interfaces/include/interfaces/interfaces/msg/detail/base_state__functions.c
[26.952s] -- Installing: /home/nvidia/UIKA/Quadruped_Uika/install/interfaces/include/interfaces/interfaces/msg/detail/gait_phase__functions.h
[26.952s] -- Installing: /home/nvidia/UIKA/Quadruped_Uika/install/interfaces/include/interfaces/interfaces/msg/detail/motor_feedback__struct.h
[26.952s] -- Installing: /home/nvidia/UIKA/Quadruped_Uika/install/interfaces/include/interfaces/interfaces/msg/detail/motor_command12__functions.c
[26.953s] -- Installing: /home/nvidia/UIKA/Quadruped_Uika/install/interfaces/include/interfaces/interfaces/msg/detail/gait_phase__struct.h
[26.953s] -- Installing: /home/nvidia/UIKA/Quadruped_Uika/install/interfaces/include/interfaces/interfaces/msg/detail/motor_feedback__type_support.h
[26.953s] -- Installing: /home/nvidia/UIKA/Quadruped_Uika/install/interfaces/include/interfaces/interfaces/msg/detail/motor_command12__struct.h
[26.953s] -- Installing: /home/nvidia/UIKA/Quadruped_Uika/install/interfaces/include/interfaces/interfaces/msg/detail/motor_feedback12__functions.h
[26.953s] -- Installing: /home/nvidia/UIKA/Quadruped_Uika/install/interfaces/include/interfaces/interfaces/msg/detail/base_state__type_support.h
[26.954s] -- Installing: /home/nvidia/UIKA/Quadruped_Uika/install/interfaces/include/interfaces/interfaces/msg/detail/motor_command__functions.h
[26.954s] -- Installing: /home/nvidia/UIKA/Quadruped_Uika/install/interfaces/include/interfaces/interfaces/msg/detail/motor_feedback12__struct.h
[26.954s] -- Installing: /home/nvidia/UIKA/Quadruped_Uika/install/interfaces/include/interfaces/interfaces/msg/detail/motor_command__functions.c
[26.954s] -- Installing: /home/nvidia/UIKA/Quadruped_Uika/install/interfaces/include/interfaces/interfaces/msg/detail/motor_feedback__functions.c
[26.955s] -- Installing: /home/nvidia/UIKA/Quadruped_Uika/install/interfaces/include/interfaces/interfaces/msg/base_state.h
[26.955s] -- Installing: /home/nvidia/UIKA/Quadruped_Uika/install/interfaces/include/interfaces/interfaces/msg/motor_feedback.h
[26.955s] -- Installing: /home/nvidia/UIKA/Quadruped_Uika/install/interfaces/include/interfaces/interfaces/msg/gait_phase.h
[26.955s] -- Installing: /home/nvidia/UIKA/Quadruped_Uika/install/interfaces/include/interfaces/interfaces/msg/contact_state.h
[26.955s] -- Installing: /home/nvidia/UIKA/Quadruped_Uika/install/interfaces/include/interfaces/interfaces/msg/rosidl_generator_c__visibility_control.h
[26.956s] -- Installing: /home/nvidia/UIKA/Quadruped_Uika/install/interfaces/share/interfaces/environment/library_path.sh
[26.957s] -- Installing: /home/nvidia/UIKA/Quadruped_Uika/install/interfaces/share/interfaces/environment/library_path.dsv
[26.957s] -- Installing: /home/nvidia/UIKA/Quadruped_Uika/install/interfaces/lib/libinterfaces__rosidl_generator_c.so
[26.958s] -- Set runtime path of "/home/nvidia/UIKA/Quadruped_Uika/install/interfaces/lib/libinterfaces__rosidl_generator_c.so" to ""
[26.958s] -- Up-to-date: /home/nvidia/UIKA/Quadruped_Uika/install/interfaces/include/interfaces/interfaces
[26.958s] -- Up-to-date: /home/nvidia/UIKA/Quadruped_Uika/install/interfaces/include/interfaces/interfaces/msg
[26.959s] -- Up-to-date: /home/nvidia/UIKA/Quadruped_Uika/install/interfaces/include/interfaces/interfaces/msg/detail
[26.959s] -- Installing: /home/nvidia/UIKA/Quadruped_Uika/install/interfaces/include/interfaces/interfaces/msg/detail/motor_feedback__rosidl_typesupport_fastrtps_c.h
[26.959s] -- Installing: /home/nvidia/UIKA/Quadruped_Uika/install/interfaces/include/interfaces/interfaces/msg/detail/motor_feedback12__rosidl_typesupport_fastrtps_c.h
[26.959s] -- Installing: /home/nvidia/UIKA/Quadruped_Uika/install/interfaces/include/interfaces/interfaces/msg/detail/foot_state__rosidl_typesupport_fastrtps_c.h
[26.959s] -- Installing: /home/nvidia/UIKA/Quadruped_Uika/install/interfaces/include/interfaces/interfaces/msg/detail/motion_command__rosidl_typesupport_fastrtps_c.h
[26.959s] -- Installing: /home/nvidia/UIKA/Quadruped_Uika/install/interfaces/include/interfaces/interfaces/msg/detail/motor_command__rosidl_typesupport_fastrtps_c.h
[26.960s] -- Installing: /home/nvidia/UIKA/Quadruped_Uika/install/interfaces/include/interfaces/interfaces/msg/detail/contact_state__rosidl_typesupport_fastrtps_c.h
[26.960s] -- Installing: /home/nvidia/UIKA/Quadruped_Uika/install/interfaces/include/interfaces/interfaces/msg/detail/single_foot_state__rosidl_typesupport_fastrtps_c.h
[26.960s] -- Installing: /home/nvidia/UIKA/Quadruped_Uika/install/interfaces/include/interfaces/interfaces/msg/detail/base_state__rosidl_typesupport_fastrtps_c.h
[26.960s] -- Installing: /home/nvidia/UIKA/Quadruped_Uika/install/interfaces/include/interfaces/interfaces/msg/detail/gait_phase__rosidl_typesupport_fastrtps_c.h
[26.960s] -- Installing: /home/nvidia/UIKA/Quadruped_Uika/install/interfaces/include/interfaces/interfaces/msg/detail/motor_command12__rosidl_typesupport_fastrtps_c.h
[26.961s] -- Installing: /home/nvidia/UIKA/Quadruped_Uika/install/interfaces/include/interfaces/interfaces/msg/rosidl_typesupport_fastrtps_c__visibility_control.h
[26.961s] -- Installing: /home/nvidia/UIKA/Quadruped_Uika/install/interfaces/lib/libinterfaces__rosidl_typesupport_fastrtps_c.so
[26.962s] -- Set runtime path of "/home/nvidia/UIKA/Quadruped_Uika/install/interfaces/lib/libinterfaces__rosidl_typesupport_fastrtps_c.so" to ""
[26.962s] -- Up-to-date: /home/nvidia/UIKA/Quadruped_Uika/install/interfaces/include/interfaces/interfaces
[26.962s] -- Up-to-date: /home/nvidia/UIKA/Quadruped_Uika/install/interfaces/include/interfaces/interfaces/msg
[26.962s] -- Installing: /home/nvidia/UIKA/Quadruped_Uika/install/interfaces/include/interfaces/interfaces/msg/rosidl_typesupport_introspection_c__visibility_control.h
[26.963s] -- Up-to-date: /home/nvidia/UIKA/Quadruped_Uika/install/interfaces/include/interfaces/interfaces/msg/detail
[26.963s] -- Installing: /home/nvidia/UIKA/Quadruped_Uika/install/interfaces/include/interfaces/interfaces/msg/detail/motor_command12__type_support.c
[26.963s] -- Installing: /home/nvidia/UIKA/Quadruped_Uika/install/interfaces/include/interfaces/interfaces/msg/detail/motion_command__type_support.c
[26.963s] -- Installing: /home/nvidia/UIKA/Quadruped_Uika/install/interfaces/include/interfaces/interfaces/msg/detail/foot_state__type_support.c
[26.963s] -- Installing: /home/nvidia/UIKA/Quadruped_Uika/install/interfaces/include/interfaces/interfaces/msg/detail/motor_feedback__rosidl_typesupport_introspection_c.h
[26.964s] -- Installing: /home/nvidia/UIKA/Quadruped_Uika/install/interfaces/include/interfaces/interfaces/msg/detail/contact_state__rosidl_typesupport_introspection_c.h
[26.964s] -- Installing: /home/nvidia/UIKA/Quadruped_Uika/install/interfaces/include/interfaces/interfaces/msg/detail/single_foot_state__rosidl_typesupport_introspection_c.h
[26.964s] -- Installing: /home/nvidia/UIKA/Quadruped_Uika/install/interfaces/include/interfaces/interfaces/msg/detail/motor_feedback__type_support.c
[26.964s] -- Installing: /home/nvidia/UIKA/Quadruped_Uika/install/interfaces/include/interfaces/interfaces/msg/detail/base_state__rosidl_typesupport_introspection_c.h
[26.964s] -- Installing: /home/nvidia/UIKA/Quadruped_Uika/install/interfaces/include/interfaces/interfaces/msg/detail/gait_phase__rosidl_typesupport_introspection_c.h
[26.965s] -- Installing: /home/nvidia/UIKA/Quadruped_Uika/install/interfaces/include/interfaces/interfaces/msg/detail/motor_command__type_support.c
[26.965s] -- Installing: /home/nvidia/UIKA/Quadruped_Uika/install/interfaces/include/interfaces/interfaces/msg/detail/motor_command12__rosidl_typesupport_introspection_c.h
[26.965s] -- Installing: /home/nvidia/UIKA/Quadruped_Uika/install/interfaces/include/interfaces/interfaces/msg/detail/motor_feedback12__type_support.c
[26.965s] -- Installing: /home/nvidia/UIKA/Quadruped_Uika/install/interfaces/include/interfaces/interfaces/msg/detail/motor_command__rosidl_typesupport_introspection_c.h
[26.965s] -- Installing: /home/nvidia/UIKA/Quadruped_Uika/install/interfaces/include/interfaces/interfaces/msg/detail/motion_command__rosidl_typesupport_introspection_c.h
[26.966s] -- Installing: /home/nvidia/UIKA/Quadruped_Uika/install/interfaces/include/interfaces/interfaces/msg/detail/foot_state__rosidl_typesupport_introspection_c.h
[26.966s] -- Installing: /home/nvidia/UIKA/Quadruped_Uika/install/interfaces/include/interfaces/interfaces/msg/detail/motor_feedback12__rosidl_typesupport_introspection_c.h
[26.966s] -- Installing: /home/nvidia/UIKA/Quadruped_Uika/install/interfaces/include/interfaces/interfaces/msg/detail/single_foot_state__type_support.c
[26.966s] -- Installing: /home/nvidia/UIKA/Quadruped_Uika/install/interfaces/include/interfaces/interfaces/msg/detail/gait_phase__type_support.c
[26.967s] -- Installing: /home/nvidia/UIKA/Quadruped_Uika/install/interfaces/include/interfaces/interfaces/msg/detail/contact_state__type_support.c
[26.967s] -- Installing: /home/nvidia/UIKA/Quadruped_Uika/install/interfaces/include/interfaces/interfaces/msg/detail/base_state__type_support.c
[26.967s] -- Installing: /home/nvidia/UIKA/Quadruped_Uika/install/interfaces/lib/libinterfaces__rosidl_typesupport_introspection_c.so
[26.968s] -- Set runtime path of "/home/nvidia/UIKA/Quadruped_Uika/install/interfaces/lib/libinterfaces__rosidl_typesupport_introspection_c.so" to ""
[26.969s] -- Installing: /home/nvidia/UIKA/Quadruped_Uika/install/interfaces/lib/libinterfaces__rosidl_typesupport_c.so
[26.969s] -- Set runtime path of "/home/nvidia/UIKA/Quadruped_Uika/install/interfaces/lib/libinterfaces__rosidl_typesupport_c.so" to ""
[26.969s] -- Up-to-date: /home/nvidia/UIKA/Quadruped_Uika/install/interfaces/include/interfaces/interfaces
[26.969s] -- Up-to-date: /home/nvidia/UIKA/Quadruped_Uika/install/interfaces/include/interfaces/interfaces/msg
[26.970s] -- Installing: /home/nvidia/UIKA/Quadruped_Uika/install/interfaces/include/interfaces/interfaces/msg/motor_feedback.hpp
[26.970s] -- Installing: /home/nvidia/UIKA/Quadruped_Uika/install/interfaces/include/interfaces/interfaces/msg/motor_command12.hpp
[26.970s] -- Installing: /home/nvidia/UIKA/Quadruped_Uika/install/interfaces/include/interfaces/interfaces/msg/base_state.hpp
[26.970s] -- Installing: /home/nvidia/UIKA/Quadruped_Uika/install/interfaces/include/interfaces/interfaces/msg/motor_feedback12.hpp
[26.970s] -- Installing: /home/nvidia/UIKA/Quadruped_Uika/install/interfaces/include/interfaces/interfaces/msg/motor_command.hpp
[26.970s] -- Installing: /home/nvidia/UIKA/Quadruped_Uika/install/interfaces/include/interfaces/interfaces/msg/motion_command.hpp
[26.971s] -- Installing: /home/nvidia/UIKA/Quadruped_Uika/install/interfaces/include/interfaces/interfaces/msg/single_foot_state.hpp
[26.971s] -- Up-to-date: /home/nvidia/UIKA/Quadruped_Uika/install/interfaces/include/interfaces/interfaces/msg/detail
[26.971s] -- Installing: /home/nvidia/UIKA/Quadruped_Uika/install/interfaces/include/interfaces/interfaces/msg/detail/motor_command__struct.hpp
[26.971s] -- Installing: /home/nvidia/UIKA/Quadruped_Uika/install/interfaces/include/interfaces/interfaces/msg/detail/motor_feedback12__struct.hpp
[26.971s] -- Installing: /home/nvidia/UIKA/Quadruped_Uika/install/interfaces/include/interfaces/interfaces/msg/detail/contact_state__type_support.hpp
[26.972s] -- Installing: /home/nvidia/UIKA/Quadruped_Uika/install/interfaces/include/interfaces/interfaces/msg/detail/motor_command__type_support.hpp
[26.972s] -- Installing: /home/nvidia/UIKA/Quadruped_Uika/install/interfaces/include/interfaces/interfaces/msg/detail/base_state__builder.hpp
[26.972s] -- Installing: /home/nvidia/UIKA/Quadruped_Uika/install/interfaces/include/interfaces/interfaces/msg/detail/contact_state__traits.hpp
[26.972s] -- Installing: /home/nvidia/UIKA/Quadruped_Uika/install/interfaces/include/interfaces/interfaces/msg/detail/base_state__struct.hpp
[26.973s] -- Installing: /home/nvidia/UIKA/Quadruped_Uika/install/interfaces/include/interfaces/interfaces/msg/detail/motor_feedback__traits.hpp
[26.973s] -- Installing: /home/nvidia/UIKA/Quadruped_Uika/install/interfaces/include/interfaces/interfaces/msg/detail/motion_command__struct.hpp
[26.973s] -- Installing: /home/nvidia/UIKA/Quadruped_Uika/install/interfaces/include/interfaces/interfaces/msg/detail/single_foot_state__traits.hpp
[26.973s] -- Installing: /home/nvidia/UIKA/Quadruped_Uika/install/interfaces/include/interfaces/interfaces/msg/detail/contact_state__struct.hpp
[26.974s] -- Installing: /home/nvidia/UIKA/Quadruped_Uika/install/interfaces/include/interfaces/interfaces/msg/detail/motor_feedback__struct.hpp
[26.974s] -- Installing: /home/nvidia/UIKA/Quadruped_Uika/install/interfaces/include/interfaces/interfaces/msg/detail/motor_command12__struct.hpp
[26.974s] -- Installing: /home/nvidia/UIKA/Quadruped_Uika/install/interfaces/include/interfaces/interfaces/msg/detail/single_foot_state__type_support.hpp
[26.974s] -- Installing: /home/nvidia/UIKA/Quadruped_Uika/install/interfaces/include/interfaces/interfaces/msg/detail/motion_command__type_support.hpp
[26.975s] -- Installing: /home/nvidia/UIKA/Quadruped_Uika/install/interfaces/include/interfaces/interfaces/msg/detail/gait_phase__builder.hpp
[26.975s] -- Installing: /home/nvidia/UIKA/Quadruped_Uika/install/interfaces/include/interfaces/interfaces/msg/detail/foot_state__struct.hpp
[26.975s] -- Installing: /home/nvidia/UIKA/Quadruped_Uika/install/interfaces/include/interfaces/interfaces/msg/detail/motor_command12__traits.hpp
[26.975s] -- Installing: /home/nvidia/UIKA/Quadruped_Uika/install/interfaces/include/interfaces/interfaces/msg/detail/motor_command12__type_support.hpp
[26.976s] -- Installing: /home/nvidia/UIKA/Quadruped_Uika/install/interfaces/include/interfaces/interfaces/msg/detail/motor_feedback__type_support.hpp
[26.976s] -- Installing: /home/nvidia/UIKA/Quadruped_Uika/install/interfaces/include/interfaces/interfaces/msg/detail/foot_state__traits.hpp
[26.981s] -- Installing: /home/nvidia/UIKA/Quadruped_Uika/install/interfaces/include/interfaces/interfaces/msg/detail/base_state__traits.hpp
[26.982s] -- Installing: /home/nvidia/UIKA/Quadruped_Uika/install/interfaces/include/interfaces/interfaces/msg/detail/contact_state__builder.hpp
[26.982s] -- Installing: /home/nvidia/UIKA/Quadruped_Uika/install/interfaces/include/interfaces/interfaces/msg/detail/foot_state__type_support.hpp
[26.982s] -- Installing: /home/nvidia/UIKA/Quadruped_Uika/install/interfaces/include/interfaces/interfaces/msg/detail/motion_command__builder.hpp
[26.982s] -- Installing: /home/nvidia/UIKA/Quadruped_Uika/install/interfaces/include/interfaces/interfaces/msg/detail/motor_feedback12__builder.hpp
[26.982s] -- Installing: /home/nvidia/UIKA/Quadruped_Uika/install/interfaces/include/interfaces/interfaces/msg/detail/motor_feedback12__traits.hpp
[26.983s] -- Installing: /home/nvidia/UIKA/Quadruped_Uika/install/interfaces/include/interfaces/interfaces/msg/detail/foot_state__builder.hpp
[26.983s] -- Installing: /home/nvidia/UIKA/Quadruped_Uika/install/interfaces/include/interfaces/interfaces/msg/detail/gait_phase__traits.hpp
[26.983s] -- Installing: /home/nvidia/UIKA/Quadruped_Uika/install/interfaces/include/interfaces/interfaces/msg/detail/single_foot_state__builder.hpp
[26.983s] -- Installing: /home/nvidia/UIKA/Quadruped_Uika/install/interfaces/include/interfaces/interfaces/msg/detail/gait_phase__type_support.hpp
[26.983s] -- Installing: /home/nvidia/UIKA/Quadruped_Uika/install/interfaces/include/interfaces/interfaces/msg/detail/motor_feedback__builder.hpp
[26.983s] -- Installing: /home/nvidia/UIKA/Quadruped_Uika/install/interfaces/include/interfaces/interfaces/msg/detail/motor_command__traits.hpp
[26.984s] -- Installing: /home/nvidia/UIKA/Quadruped_Uika/install/interfaces/include/interfaces/interfaces/msg/detail/motor_command12__builder.hpp
[26.984s] -- Installing: /home/nvidia/UIKA/Quadruped_Uika/install/interfaces/include/interfaces/interfaces/msg/detail/single_foot_state__struct.hpp
[26.984s] -- Installing: /home/nvidia/UIKA/Quadruped_Uika/install/interfaces/include/interfaces/interfaces/msg/detail/motor_command__builder.hpp
[26.984s] -- Installing: /home/nvidia/UIKA/Quadruped_Uika/install/interfaces/include/interfaces/interfaces/msg/detail/gait_phase__struct.hpp
[26.984s] -- Installing: /home/nvidia/UIKA/Quadruped_Uika/install/interfaces/include/interfaces/interfaces/msg/detail/base_state__type_support.hpp
[26.985s] -- Installing: /home/nvidia/UIKA/Quadruped_Uika/install/interfaces/include/interfaces/interfaces/msg/detail/motion_command__traits.hpp
[26.985s] -- Installing: /home/nvidia/UIKA/Quadruped_Uika/install/interfaces/include/interfaces/interfaces/msg/detail/motor_feedback12__type_support.hpp
[26.985s] -- Installing: /home/nvidia/UIKA/Quadruped_Uika/install/interfaces/include/interfaces/interfaces/msg/foot_state.hpp
[26.985s] -- Installing: /home/nvidia/UIKA/Quadruped_Uika/install/interfaces/include/interfaces/interfaces/msg/contact_state.hpp
[26.985s] -- Installing: /home/nvidia/UIKA/Quadruped_Uika/install/interfaces/include/interfaces/interfaces/msg/gait_phase.hpp
[26.985s] -- Installing: /home/nvidia/UIKA/Quadruped_Uika/install/interfaces/include/interfaces/interfaces/msg/rosidl_generator_cpp__visibility_control.hpp
[26.985s] -- Up-to-date: /home/nvidia/UIKA/Quadruped_Uika/install/interfaces/include/interfaces/interfaces
[26.986s] -- Up-to-date: /home/nvidia/UIKA/Quadruped_Uika/install/interfaces/include/interfaces/interfaces/msg
[26.986s] -- Up-to-date: /home/nvidia/UIKA/Quadruped_Uika/install/interfaces/include/interfaces/interfaces/msg/detail
[26.986s] -- Installing: /home/nvidia/UIKA/Quadruped_Uika/install/interfaces/include/interfaces/interfaces/msg/detail/foot_state__rosidl_typesupport_fastrtps_cpp.hpp
[26.986s] -- Installing: /home/nvidia/UIKA/Quadruped_Uika/install/interfaces/include/interfaces/interfaces/msg/detail/motor_feedback__rosidl_typesupport_fastrtps_cpp.hpp
[26.986s] -- Installing: /home/nvidia/UIKA/Quadruped_Uika/install/interfaces/include/interfaces/interfaces/msg/detail/base_state__rosidl_typesupport_fastrtps_cpp.hpp
[26.986s] -- Installing: /home/nvidia/UIKA/Quadruped_Uika/install/interfaces/include/interfaces/interfaces/msg/detail/motor_command12__rosidl_typesupport_fastrtps_cpp.hpp
[26.987s] -- Installing: /home/nvidia/UIKA/Quadruped_Uika/install/interfaces/include/interfaces/interfaces/msg/detail/gait_phase__rosidl_typesupport_fastrtps_cpp.hpp
[26.987s] -- Installing: /home/nvidia/UIKA/Quadruped_Uika/install/interfaces/include/interfaces/interfaces/msg/detail/motion_command__rosidl_typesupport_fastrtps_cpp.hpp
[26.987s] -- Installing: /home/nvidia/UIKA/Quadruped_Uika/install/interfaces/include/interfaces/interfaces/msg/detail/single_foot_state__rosidl_typesupport_fastrtps_cpp.hpp
[26.987s] -- Installing: /home/nvidia/UIKA/Quadruped_Uika/install/interfaces/include/interfaces/interfaces/msg/detail/contact_state__rosidl_typesupport_fastrtps_cpp.hpp
[26.987s] -- Installing: /home/nvidia/UIKA/Quadruped_Uika/install/interfaces/include/interfaces/interfaces/msg/detail/motor_feedback12__rosidl_typesupport_fastrtps_cpp.hpp
[26.987s] -- Installing: /home/nvidia/UIKA/Quadruped_Uika/install/interfaces/include/interfaces/interfaces/msg/detail/dds_fastrtps
[26.988s] -- Installing: /home/nvidia/UIKA/Quadruped_Uika/install/interfaces/include/interfaces/interfaces/msg/detail/motor_command__rosidl_typesupport_fastrtps_cpp.hpp
[26.988s] -- Installing: /home/nvidia/UIKA/Quadruped_Uika/install/interfaces/include/interfaces/interfaces/msg/rosidl_typesupport_fastrtps_cpp__visibility_control.h
[26.988s] -- Installing: /home/nvidia/UIKA/Quadruped_Uika/install/interfaces/lib/libinterfaces__rosidl_typesupport_fastrtps_cpp.so
[26.988s] -- Set runtime path of "/home/nvidia/UIKA/Quadruped_Uika/install/interfaces/lib/libinterfaces__rosidl_typesupport_fastrtps_cpp.so" to ""
[26.988s] -- Up-to-date: /home/nvidia/UIKA/Quadruped_Uika/install/interfaces/include/interfaces/interfaces
[26.988s] -- Up-to-date: /home/nvidia/UIKA/Quadruped_Uika/install/interfaces/include/interfaces/interfaces/msg
[26.989s] -- Up-to-date: /home/nvidia/UIKA/Quadruped_Uika/install/interfaces/include/interfaces/interfaces/msg/detail
[26.989s] -- Installing: /home/nvidia/UIKA/Quadruped_Uika/install/interfaces/include/interfaces/interfaces/msg/detail/motion_command__rosidl_typesupport_introspection_cpp.hpp
[26.989s] -- Installing: /home/nvidia/UIKA/Quadruped_Uika/install/interfaces/include/interfaces/interfaces/msg/detail/motor_feedback12__rosidl_typesupport_introspection_cpp.hpp
[26.989s] -- Installing: /home/nvidia/UIKA/Quadruped_Uika/install/interfaces/include/interfaces/interfaces/msg/detail/motor_feedback12__type_support.cpp
[26.989s] -- Installing: /home/nvidia/UIKA/Quadruped_Uika/install/interfaces/include/interfaces/interfaces/msg/detail/gait_phase__type_support.cpp
[26.989s] -- Installing: /home/nvidia/UIKA/Quadruped_Uika/install/interfaces/include/interfaces/interfaces/msg/detail/motor_feedback__rosidl_typesupport_introspection_cpp.hpp
[26.990s] -- Installing: /home/nvidia/UIKA/Quadruped_Uika/install/interfaces/include/interfaces/interfaces/msg/detail/motor_command__rosidl_typesupport_introspection_cpp.hpp
[26.990s] -- Installing: /home/nvidia/UIKA/Quadruped_Uika/install/interfaces/include/interfaces/interfaces/msg/detail/contact_state__rosidl_typesupport_introspection_cpp.hpp
[26.990s] -- Installing: /home/nvidia/UIKA/Quadruped_Uika/install/interfaces/include/interfaces/interfaces/msg/detail/single_foot_state__rosidl_typesupport_introspection_cpp.hpp
[26.990s] -- Installing: /home/nvidia/UIKA/Quadruped_Uika/install/interfaces/include/interfaces/interfaces/msg/detail/foot_state__type_support.cpp
[26.990s] -- Installing: /home/nvidia/UIKA/Quadruped_Uika/install/interfaces/include/interfaces/interfaces/msg/detail/motor_command12__rosidl_typesupport_introspection_cpp.hpp
[26.990s] -- Installing: /home/nvidia/UIKA/Quadruped_Uika/install/interfaces/include/interfaces/interfaces/msg/detail/motor_feedback__type_support.cpp
[26.991s] -- Installing: /home/nvidia/UIKA/Quadruped_Uika/install/interfaces/include/interfaces/interfaces/msg/detail/motor_command__type_support.cpp
[26.991s] -- Installing: /home/nvidia/UIKA/Quadruped_Uika/install/interfaces/include/interfaces/interfaces/msg/detail/contact_state__type_support.cpp
[26.991s] -- Installing: /home/nvidia/UIKA/Quadruped_Uika/install/interfaces/include/interfaces/interfaces/msg/detail/gait_phase__rosidl_typesupport_introspection_cpp.hpp
[26.991s] -- Installing: /home/nvidia/UIKA/Quadruped_Uika/install/interfaces/include/interfaces/interfaces/msg/detail/motor_command12__type_support.cpp
[26.991s] -- Installing: /home/nvidia/UIKA/Quadruped_Uika/install/interfaces/include/interfaces/interfaces/msg/detail/base_state__type_support.cpp
[26.991s] -- Installing: /home/nvidia/UIKA/Quadruped_Uika/install/interfaces/include/interfaces/interfaces/msg/detail/single_foot_state__type_support.cpp
[26.991s] -- Installing: /home/nvidia/UIKA/Quadruped_Uika/install/interfaces/include/interfaces/interfaces/msg/detail/base_state__rosidl_typesupport_introspection_cpp.hpp
[26.992s] -- Installing: /home/nvidia/UIKA/Quadruped_Uika/install/interfaces/include/interfaces/interfaces/msg/detail/motion_command__type_support.cpp
[26.992s] -- Installing: /home/nvidia/UIKA/Quadruped_Uika/install/interfaces/include/interfaces/interfaces/msg/detail/foot_state__rosidl_typesupport_introspection_cpp.hpp
[26.992s] -- Installing: /home/nvidia/UIKA/Quadruped_Uika/install/interfaces/lib/libinterfaces__rosidl_typesupport_introspection_cpp.so
[26.992s] -- Set runtime path of "/home/nvidia/UIKA/Quadruped_Uika/install/interfaces/lib/libinterfaces__rosidl_typesupport_introspection_cpp.so" to ""
[26.993s] -- Installing: /home/nvidia/UIKA/Quadruped_Uika/install/interfaces/lib/libinterfaces__rosidl_typesupport_cpp.so
[26.993s] -- Set runtime path of "/home/nvidia/UIKA/Quadruped_Uika/install/interfaces/lib/libinterfaces__rosidl_typesupport_cpp.so" to ""
[26.993s] -- Installing: /home/nvidia/UIKA/Quadruped_Uika/install/interfaces/share/interfaces/environment/pythonpath.sh
[26.994s] -- Installing: /home/nvidia/UIKA/Quadruped_Uika/install/interfaces/share/interfaces/environment/pythonpath.dsv
[26.994s] -- Installing: /home/nvidia/UIKA/Quadruped_Uika/install/interfaces/local/lib/python3.10/dist-packages/interfaces-0.0.0-py3.10.egg-info
[26.994s] -- Installing: /home/nvidia/UIKA/Quadruped_Uika/install/interfaces/local/lib/python3.10/dist-packages/interfaces-0.0.0-py3.10.egg-info/dependency_links.txt
[26.994s] -- Installing: /home/nvidia/UIKA/Quadruped_Uika/install/interfaces/local/lib/python3.10/dist-packages/interfaces-0.0.0-py3.10.egg-info/PKG-INFO
[26.995s] -- Installing: /home/nvidia/UIKA/Quadruped_Uika/install/interfaces/local/lib/python3.10/dist-packages/interfaces-0.0.0-py3.10.egg-info/top_level.txt
[26.995s] -- Installing: /home/nvidia/UIKA/Quadruped_Uika/install/interfaces/local/lib/python3.10/dist-packages/interfaces-0.0.0-py3.10.egg-info/SOURCES.txt
[26.995s] -- Installing: /home/nvidia/UIKA/Quadruped_Uika/install/interfaces/local/lib/python3.10/dist-packages/interfaces
[26.995s] -- Installing: /home/nvidia/UIKA/Quadruped_Uika/install/interfaces/local/lib/python3.10/dist-packages/interfaces/libinterfaces__rosidl_generator_py.so
[26.996s] -- Installing: /home/nvidia/UIKA/Quadruped_Uika/install/interfaces/local/lib/python3.10/dist-packages/interfaces/_interfaces_s.ep.rosidl_typesupport_fastrtps_c.c
[26.996s] -- Installing: /home/nvidia/UIKA/Quadruped_Uika/install/interfaces/local/lib/python3.10/dist-packages/interfaces/__init__.py
[26.996s] -- Installing: /home/nvidia/UIKA/Quadruped_Uika/install/interfaces/local/lib/python3.10/dist-packages/interfaces/_interfaces_s.ep.rosidl_typesupport_c.c
[26.997s] -- Installing: /home/nvidia/UIKA/Quadruped_Uika/install/interfaces/local/lib/python3.10/dist-packages/interfaces/msg
[26.997s] -- Installing: /home/nvidia/UIKA/Quadruped_Uika/install/interfaces/local/lib/python3.10/dist-packages/interfaces/msg/_motor_feedback12_s.c
[26.997s] -- Installing: /home/nvidia/UIKA/Quadruped_Uika/install/interfaces/local/lib/python3.10/dist-packages/interfaces/msg/_motion_command.py
[26.997s] -- Installing: /home/nvidia/UIKA/Quadruped_Uika/install/interfaces/local/lib/python3.10/dist-packages/interfaces/msg/_base_state_s.c
[26.998s] -- Installing: /home/nvidia/UIKA/Quadruped_Uika/install/interfaces/local/lib/python3.10/dist-packages/interfaces/msg/_motor_command.py
[26.998s] -- Installing: /home/nvidia/UIKA/Quadruped_Uika/install/interfaces/local/lib/python3.10/dist-packages/interfaces/msg/_motor_command12_s.c
[26.998s] -- Installing: /home/nvidia/UIKA/Quadruped_Uika/install/interfaces/local/lib/python3.10/dist-packages/interfaces/msg/__init__.py
[26.998s] -- Installing: /home/nvidia/UIKA/Quadruped_Uika/install/interfaces/local/lib/python3.10/dist-packages/interfaces/msg/_contact_state_s.c
[26.999s] -- Installing: /home/nvidia/UIKA/Quadruped_Uika/install/interfaces/local/lib/python3.10/dist-packages/interfaces/msg/_motor_feedback_s.c
[26.999s] -- Installing: /home/nvidia/UIKA/Quadruped_Uika/install/interfaces/local/lib/python3.10/dist-packages/interfaces/msg/_foot_state_s.c
[26.999s] -- Installing: /home/nvidia/UIKA/Quadruped_Uika/install/interfaces/local/lib/python3.10/dist-packages/interfaces/msg/_base_state.py
[26.999s] -- Installing: /home/nvidia/UIKA/Quadruped_Uika/install/interfaces/local/lib/python3.10/dist-packages/interfaces/msg/_motor_command_s.c
[27.000s] -- Installing: /home/nvidia/UIKA/Quadruped_Uika/install/interfaces/local/lib/python3.10/dist-packages/interfaces/msg/_gait_phase_s.c
[27.000s] -- Installing: /home/nvidia/UIKA/Quadruped_Uika/install/interfaces/local/lib/python3.10/dist-packages/interfaces/msg/_contact_state.py
[27.000s] -- Installing: /home/nvidia/UIKA/Quadruped_Uika/install/interfaces/local/lib/python3.10/dist-packages/interfaces/msg/_single_foot_state_s.c
[27.000s] -- Installing: /home/nvidia/UIKA/Quadruped_Uika/install/interfaces/local/lib/python3.10/dist-packages/interfaces/msg/_motor_command12.py
[27.001s] -- Installing: /home/nvidia/UIKA/Quadruped_Uika/install/interfaces/local/lib/python3.10/dist-packages/interfaces/msg/_motor_feedback12.py
[27.001s] -- Installing: /home/nvidia/UIKA/Quadruped_Uika/install/interfaces/local/lib/python3.10/dist-packages/interfaces/msg/_motion_command_s.c
[27.001s] -- Installing: /home/nvidia/UIKA/Quadruped_Uika/install/interfaces/local/lib/python3.10/dist-packages/interfaces/msg/_motor_feedback.py
[27.001s] -- Installing: /home/nvidia/UIKA/Quadruped_Uika/install/interfaces/local/lib/python3.10/dist-packages/interfaces/msg/_gait_phase.py
[27.002s] -- Installing: /home/nvidia/UIKA/Quadruped_Uika/install/interfaces/local/lib/python3.10/dist-packages/interfaces/msg/_foot_state.py
[27.002s] -- Installing: /home/nvidia/UIKA/Quadruped_Uika/install/interfaces/local/lib/python3.10/dist-packages/interfaces/msg/_single_foot_state.py
[27.002s] -- Installing: /home/nvidia/UIKA/Quadruped_Uika/install/interfaces/local/lib/python3.10/dist-packages/interfaces/interfaces_s__rosidl_typesupport_fastrtps_c.cpython-310-aarch64-linux-gnu.so
[27.003s] -- Installing: /home/nvidia/UIKA/Quadruped_Uika/install/interfaces/local/lib/python3.10/dist-packages/interfaces/_interfaces_s.ep.rosidl_typesupport_introspection_c.c
[27.003s] -- Installing: /home/nvidia/UIKA/Quadruped_Uika/install/interfaces/local/lib/python3.10/dist-packages/interfaces/interfaces_s__rosidl_typesupport_c.cpython-310-aarch64-linux-gnu.so
[27.003s] -- Installing: /home/nvidia/UIKA/Quadruped_Uika/install/interfaces/local/lib/python3.10/dist-packages/interfaces/interfaces_s__rosidl_typesupport_introspection_c.cpython-310-aarch64-linux-gnu.so
[27.112s] Listing '/home/nvidia/UIKA/Quadruped_Uika/install/interfaces/local/lib/python3.10/dist-packages/interfaces'...
[27.113s] Compiling '/home/nvidia/UIKA/Quadruped_Uika/install/interfaces/local/lib/python3.10/dist-packages/interfaces/__init__.py'...
[27.113s] Listing '/home/nvidia/UIKA/Quadruped_Uika/install/interfaces/local/lib/python3.10/dist-packages/interfaces/msg'...
[27.113s] Compiling '/home/nvidia/UIKA/Quadruped_Uika/install/interfaces/local/lib/python3.10/dist-packages/interfaces/msg/__init__.py'...
[27.113s] Compiling '/home/nvidia/UIKA/Quadruped_Uika/install/interfaces/local/lib/python3.10/dist-packages/interfaces/msg/_base_state.py'...
[27.113s] Compiling '/home/nvidia/UIKA/Quadruped_Uika/install/interfaces/local/lib/python3.10/dist-packages/interfaces/msg/_contact_state.py'...
[27.114s] Compiling '/home/nvidia/UIKA/Quadruped_Uika/install/interfaces/local/lib/python3.10/dist-packages/interfaces/msg/_foot_state.py'...
[27.114s] Compiling '/home/nvidia/UIKA/Quadruped_Uika/install/interfaces/local/lib/python3.10/dist-packages/interfaces/msg/_gait_phase.py'...
[27.114s] Compiling '/home/nvidia/UIKA/Quadruped_Uika/install/interfaces/local/lib/python3.10/dist-packages/interfaces/msg/_motion_command.py'...
[27.114s] Compiling '/home/nvidia/UIKA/Quadruped_Uika/install/interfaces/local/lib/python3.10/dist-packages/interfaces/msg/_motor_command.py'...
[27.114s] Compiling '/home/nvidia/UIKA/Quadruped_Uika/install/interfaces/local/lib/python3.10/dist-packages/interfaces/msg/_motor_command12.py'...
[27.114s] Compiling '/home/nvidia/UIKA/Quadruped_Uika/install/interfaces/local/lib/python3.10/dist-packages/interfaces/msg/_motor_feedback.py'...
[27.114s] Compiling '/home/nvidia/UIKA/Quadruped_Uika/install/interfaces/local/lib/python3.10/dist-packages/interfaces/msg/_motor_feedback12.py'...
[27.115s] Compiling '/home/nvidia/UIKA/Quadruped_Uika/install/interfaces/local/lib/python3.10/dist-packages/interfaces/msg/_single_foot_state.py'...
[27.126s] -- Installing: /home/nvidia/UIKA/Quadruped_Uika/install/interfaces/local/lib/python3.10/dist-packages/interfaces/interfaces_s__rosidl_typesupport_fastrtps_c.cpython-310-aarch64-linux-gnu.so
[27.127s] -- Set runtime path of "/home/nvidia/UIKA/Quadruped_Uika/install/interfaces/local/lib/python3.10/dist-packages/interfaces/interfaces_s__rosidl_typesupport_fastrtps_c.cpython-310-aarch64-linux-gnu.so" to ""
[27.127s] -- Installing: /home/nvidia/UIKA/Quadruped_Uika/install/interfaces/local/lib/python3.10/dist-packages/interfaces/interfaces_s__rosidl_typesupport_introspection_c.cpython-310-aarch64-linux-gnu.so
[27.128s] -- Set runtime path of "/home/nvidia/UIKA/Quadruped_Uika/install/interfaces/local/lib/python3.10/dist-packages/interfaces/interfaces_s__rosidl_typesupport_introspection_c.cpython-310-aarch64-linux-gnu.so" to ""
[27.128s] -- Installing: /home/nvidia/UIKA/Quadruped_Uika/install/interfaces/local/lib/python3.10/dist-packages/interfaces/interfaces_s__rosidl_typesupport_c.cpython-310-aarch64-linux-gnu.so
[27.129s] -- Set runtime path of "/home/nvidia/UIKA/Quadruped_Uika/install/interfaces/local/lib/python3.10/dist-packages/interfaces/interfaces_s__rosidl_typesupport_c.cpython-310-aarch64-linux-gnu.so" to ""
[27.129s] -- Installing: /home/nvidia/UIKA/Quadruped_Uika/install/interfaces/lib/libinterfaces__rosidl_generator_py.so
[27.130s] -- Set runtime path of "/home/nvidia/UIKA/Quadruped_Uika/install/interfaces/lib/libinterfaces__rosidl_generator_py.so" to ""
[27.130s] -- Installing: /home/nvidia/UIKA/Quadruped_Uika/install/interfaces/share/interfaces/msg/BaseState.idl
[27.130s] -- Installing: /home/nvidia/UIKA/Quadruped_Uika/install/interfaces/share/interfaces/msg/ContactState.idl
[27.131s] -- Installing: /home/nvidia/UIKA/Quadruped_Uika/install/interfaces/share/interfaces/msg/GaitPhase.idl
[27.131s] -- Installing: /home/nvidia/UIKA/Quadruped_Uika/install/interfaces/share/interfaces/msg/MotionCommand.idl
[27.131s] -- Installing: /home/nvidia/UIKA/Quadruped_Uika/install/interfaces/share/interfaces/msg/SingleFootState.idl
[27.132s] -- Installing: /home/nvidia/UIKA/Quadruped_Uika/install/interfaces/share/interfaces/msg/FootState.idl
[27.132s] -- Installing: /home/nvidia/UIKA/Quadruped_Uika/install/interfaces/share/interfaces/msg/MotorCommand.idl
[27.132s] -- Installing: /home/nvidia/UIKA/Quadruped_Uika/install/interfaces/share/interfaces/msg/MotorCommand12.idl
[27.133s] -- Installing: /home/nvidia/UIKA/Quadruped_Uika/install/interfaces/share/interfaces/msg/MotorFeedback.idl
[27.133s] -- Installing: /home/nvidia/UIKA/Quadruped_Uika/install/interfaces/share/interfaces/msg/MotorFeedback12.idl
[27.133s] -- Installing: /home/nvidia/UIKA/Quadruped_Uika/install/interfaces/share/interfaces/msg/BaseState.msg
[27.133s] -- Installing: /home/nvidia/UIKA/Quadruped_Uika/install/interfaces/share/interfaces/msg/ContactState.msg
[27.134s] -- Installing: /home/nvidia/UIKA/Quadruped_Uika/install/interfaces/share/interfaces/msg/GaitPhase.msg
[27.134s] -- Installing: /home/nvidia/UIKA/Quadruped_Uika/install/interfaces/share/interfaces/msg/MotionCommand.msg
[27.134s] -- Installing: /home/nvidia/UIKA/Quadruped_Uika/install/interfaces/share/interfaces/msg/SingleFootState.msg
[27.135s] -- Installing: /home/nvidia/UIKA/Quadruped_Uika/install/interfaces/share/interfaces/msg/FootState.msg
[27.135s] -- Installing: /home/nvidia/UIKA/Quadruped_Uika/install/interfaces/share/interfaces/msg/MotorCommand.msg
[27.135s] -- Installing: /home/nvidia/UIKA/Quadruped_Uika/install/interfaces/share/interfaces/msg/MotorCommand12.msg
[27.136s] -- Installing: /home/nvidia/UIKA/Quadruped_Uika/install/interfaces/share/interfaces/msg/MotorFeedback.msg
[27.136s] -- Installing: /home/nvidia/UIKA/Quadruped_Uika/install/interfaces/share/interfaces/msg/MotorFeedback12.msg
[27.137s] -- Installing: /home/nvidia/UIKA/Quadruped_Uika/install/interfaces/share/ament_index/resource_index/package_run_dependencies/interfaces
[27.137s] -- Installing: /home/nvidia/UIKA/Quadruped_Uika/install/interfaces/share/ament_index/resource_index/parent_prefix_path/interfaces
[27.137s] -- Installing: /home/nvidia/UIKA/Quadruped_Uika/install/interfaces/share/interfaces/environment/ament_prefix_path.sh
[27.138s] -- Installing: /home/nvidia/UIKA/Quadruped_Uika/install/interfaces/share/interfaces/environment/ament_prefix_path.dsv
[27.138s] -- Installing: /home/nvidia/UIKA/Quadruped_Uika/install/interfaces/share/interfaces/environment/path.sh
[27.138s] -- Installing: /home/nvidia/UIKA/Quadruped_Uika/install/interfaces/share/interfaces/environment/path.dsv
[27.138s] -- Installing: /home/nvidia/UIKA/Quadruped_Uika/install/interfaces/share/interfaces/local_setup.bash
[27.139s] -- Installing: /home/nvidia/UIKA/Quadruped_Uika/install/interfaces/share/interfaces/local_setup.sh
[27.139s] -- Installing: /home/nvidia/UIKA/Quadruped_Uika/install/interfaces/share/interfaces/local_setup.zsh
[27.139s] -- Installing: /home/nvidia/UIKA/Quadruped_Uika/install/interfaces/share/interfaces/local_setup.dsv
[27.140s] -- Installing: /home/nvidia/UIKA/Quadruped_Uika/install/interfaces/share/interfaces/package.dsv
[27.140s] -- Installing: /home/nvidia/UIKA/Quadruped_Uika/install/interfaces/share/ament_index/resource_index/packages/interfaces
[27.141s] -- Installing: /home/nvidia/UIKA/Quadruped_Uika/install/interfaces/share/interfaces/cmake/export_interfaces__rosidl_generator_cExport.cmake
[27.141s] -- Installing: /home/nvidia/UIKA/Quadruped_Uika/install/interfaces/share/interfaces/cmake/export_interfaces__rosidl_generator_cExport-noconfig.cmake
[27.141s] -- Installing: /home/nvidia/UIKA/Quadruped_Uika/install/interfaces/share/interfaces/cmake/export_interfaces__rosidl_typesupport_fastrtps_cExport.cmake
[27.141s] -- Installing: /home/nvidia/UIKA/Quadruped_Uika/install/interfaces/share/interfaces/cmake/export_interfaces__rosidl_typesupport_fastrtps_cExport-noconfig.cmake
[27.142s] -- Installing: /home/nvidia/UIKA/Quadruped_Uika/install/interfaces/share/interfaces/cmake/interfaces__rosidl_typesupport_introspection_cExport.cmake
[27.142s] -- Installing: /home/nvidia/UIKA/Quadruped_Uika/install/interfaces/share/interfaces/cmake/interfaces__rosidl_typesupport_introspection_cExport-noconfig.cmake
[27.143s] -- Installing: /home/nvidia/UIKA/Quadruped_Uika/install/interfaces/share/interfaces/cmake/interfaces__rosidl_typesupport_cExport.cmake
[27.143s] -- Installing: /home/nvidia/UIKA/Quadruped_Uika/install/interfaces/share/interfaces/cmake/interfaces__rosidl_typesupport_cExport-noconfig.cmake
[27.143s] -- Installing: /home/nvidia/UIKA/Quadruped_Uika/install/interfaces/share/interfaces/cmake/export_interfaces__rosidl_generator_cppExport.cmake
[27.143s] -- Installing: /home/nvidia/UIKA/Quadruped_Uika/install/interfaces/share/interfaces/cmake/export_interfaces__rosidl_typesupport_fastrtps_cppExport.cmake
[27.144s] -- Installing: /home/nvidia/UIKA/Quadruped_Uika/install/interfaces/share/interfaces/cmake/export_interfaces__rosidl_typesupport_fastrtps_cppExport-noconfig.cmake
[27.144s] -- Installing: /home/nvidia/UIKA/Quadruped_Uika/install/interfaces/share/interfaces/cmake/interfaces__rosidl_typesupport_introspection_cppExport.cmake
[27.145s] -- Installing: /home/nvidia/UIKA/Quadruped_Uika/install/interfaces/share/interfaces/cmake/interfaces__rosidl_typesupport_introspection_cppExport-noconfig.cmake
[27.145s] -- Installing: /home/nvidia/UIKA/Quadruped_Uika/install/interfaces/share/interfaces/cmake/interfaces__rosidl_typesupport_cppExport.cmake
[27.145s] -- Installing: /home/nvidia/UIKA/Quadruped_Uika/install/interfaces/share/interfaces/cmake/interfaces__rosidl_typesupport_cppExport-noconfig.cmake
[27.146s] -- Installing: /home/nvidia/UIKA/Quadruped_Uika/install/interfaces/share/interfaces/cmake/export_interfaces__rosidl_generator_pyExport.cmake
[27.146s] -- Installing: /home/nvidia/UIKA/Quadruped_Uika/install/interfaces/share/interfaces/cmake/export_interfaces__rosidl_generator_pyExport-noconfig.cmake
[27.146s] -- Installing: /home/nvidia/UIKA/Quadruped_Uika/install/interfaces/share/interfaces/cmake/rosidl_cmake-extras.cmake
[27.146s] -- Installing: /home/nvidia/UIKA/Quadruped_Uika/install/interfaces/share/interfaces/cmake/ament_cmake_export_dependencies-extras.cmake
[27.147s] -- Installing: /home/nvidia/UIKA/Quadruped_Uika/install/interfaces/share/interfaces/cmake/ament_cmake_export_include_directories-extras.cmake
[27.147s] -- Installing: /home/nvidia/UIKA/Quadruped_Uika/install/interfaces/share/interfaces/cmake/ament_cmake_export_libraries-extras.cmake
[27.147s] -- Installing: /home/nvidia/UIKA/Quadruped_Uika/install/interfaces/share/interfaces/cmake/ament_cmake_export_targets-extras.cmake
[27.148s] -- Installing: /home/nvidia/UIKA/Quadruped_Uika/install/interfaces/share/interfaces/cmake/rosidl_cmake_export_typesupport_targets-extras.cmake
[27.148s] -- Installing: /home/nvidia/UIKA/Quadruped_Uika/install/interfaces/share/interfaces/cmake/rosidl_cmake_export_typesupport_libraries-extras.cmake
[27.148s] -- Installing: /home/nvidia/UIKA/Quadruped_Uika/install/interfaces/share/interfaces/cmake/interfacesConfig.cmake
[27.149s] -- Installing: /home/nvidia/UIKA/Quadruped_Uika/install/interfaces/share/interfaces/cmake/interfacesConfig-version.cmake
[27.149s] -- Installing: /home/nvidia/UIKA/Quadruped_Uika/install/interfaces/share/interfaces/package.xml
[27.156s] Invoked command in '/home/nvidia/UIKA/Quadruped_Uika/build/interfaces' returned '0': CMAKE_PREFIX_PATH=${CMAKE_PREFIX_PATH}:/home/nvidia/UIKA/Quadruped_Uika/install/dm_imu:/opt/ros/humble /usr/bin/cmake --install /home/nvidia/UIKA/Quadruped_Uika/build/interfaces
