-- The C compiler identification is GNU 11.4.0
-- The CXX compiler identification is GNU 11.4.0
-- Detecting C compiler ABI info
-- Detecting C compiler ABI info - done
-- Check for working C compiler: /usr/bin/cc - skipped
-- Detecting C compile features
-- Detecting C compile features - done
-- Detecting CXX compiler ABI info
-- Detecting CXX compiler ABI info - done
-- Check for working CXX compiler: /usr/bin/c++ - skipped
-- Detecting CXX compile features
-- Detecting CXX compile features - done
-- Found ament_cmake: 1.3.12 (/opt/ros/humble/share/ament_cmake/cmake)
-- Found Python3: /usr/bin/python3 (found version "3.10.12") found components: Interpreter 
-- Found rclcpp: 16.0.16 (/opt/ros/humble/share/rclcpp/cmake)
-- Found rosidl_generator_c: 3.1.7 (/opt/ros/humble/share/rosidl_generator_c/cmake)
-- Found rosidl_adapter: 3.1.7 (/opt/ros/humble/share/rosidl_adapter/cmake)
-- Found rosidl_generator_cpp: 3.1.7 (/opt/ros/humble/share/rosidl_generator_cpp/cmake)
-- Using all available rosidl_typesupport_c: rosidl_typesupport_fastrtps_c;rosidl_typesupport_introspection_c
-- Using all available rosidl_typesupport_cpp: rosidl_typesupport_fastrtps_cpp;rosidl_typesupport_introspection_cpp
-- Found rmw_implementation_cmake: 6.1.2 (/opt/ros/humble/share/rmw_implementation_cmake/cmake)
-- Found rmw_fastrtps_cpp: 6.2.9 (/opt/ros/humble/share/rmw_fastrtps_cpp/cmake)
-- Found OpenSSL: /usr/lib/aarch64-linux-gnu/libcrypto.so (found version "3.0.2")  
-- Found FastRTPS: /opt/ros/humble/include  
-- Using RMW implementation 'rmw_fastrtps_cpp' as default
-- Looking for pthread.h
-- Looking for pthread.h - found
-- Performing Test CMAKE_HAVE_LIBC_PTHREAD
-- Performing Test CMAKE_HAVE_LIBC_PTHREAD - Success
-- Found Threads: TRUE  
-- Found geometry_msgs: 4.9.0 (/opt/ros/humble/share/geometry_msgs/cmake)
-- Found interfaces: 0.0.0 (/home/nvidia/UIKA/Quadruped_Uika/install/interfaces/share/interfaces/cmake)
-- Found ament_lint_auto: 0.12.14 (/opt/ros/humble/share/ament_lint_auto/cmake)
-- Added test 'cppcheck' to perform static code analysis on C / C++ code
-- Configured cppcheck include dirs: /home/nvidia/UIKA/Quadruped_Uika/src/estimation/include
-- Configured cppcheck exclude dirs and/or files: 
-- Added test 'lint_cmake' to check CMake code style
-- Added test 'uncrustify' to check C / C++ code style
-- Configured uncrustify additional arguments: 
-- Added test 'xmllint' to check XML markup files
-- Configuring done
-- Generating done
-- Build files have been written to: /home/nvidia/UIKA/Quadruped_Uika/build/estimation
[ 16%] [32mBuilding CXX object CMakeFiles/estimation_kinematics.dir/src/leg_dynamics.cpp.o[0m
[ 33%] [32m[1mLinking CXX static library libestimation_kinematics.a[0m
[ 33%] Built target estimation_kinematics
[ 83%] [32mBuilding CXX object CMakeFiles/contact_detection_node.dir/src/main.cpp.o[0m
[ 83%] [32mBuilding CXX object CMakeFiles/contact_detection_node.dir/src/contact_detection_node.cpp.o[0m
[ 83%] [32mBuilding CXX object CMakeFiles/contact_detection_node.dir/src/gm_observer.cpp.o[0m
[100%] [32m[1mLinking CXX executable contact_detection_node[0m
[100%] Built target contact_detection_node
-- Install configuration: ""
-- Installing: /home/nvidia/UIKA/Quadruped_Uika/install/estimation/lib/estimation/contact_detection_node
-- Set runtime path of "/home/nvidia/UIKA/Quadruped_Uika/install/estimation/lib/estimation/contact_detection_node" to ""
-- Installing: /home/nvidia/UIKA/Quadruped_Uika/install/estimation/lib/libestimation_kinematics.a
-- Installing: /home/nvidia/UIKA/Quadruped_Uika/install/estimation/include/estimation
-- Installing: /home/nvidia/UIKA/Quadruped_Uika/install/estimation/include/estimation/gm_observer.hpp
-- Installing: /home/nvidia/UIKA/Quadruped_Uika/install/estimation/include/estimation/types.hpp
-- Installing: /home/nvidia/UIKA/Quadruped_Uika/install/estimation/include/estimation/contact_detection_node.hpp
-- Installing: /home/nvidia/UIKA/Quadruped_Uika/install/estimation/include/estimation/leg_dynamics.hpp
-- Installing: /home/nvidia/UIKA/Quadruped_Uika/install/estimation/share/ament_index/resource_index/package_run_dependencies/estimation
-- Installing: /home/nvidia/UIKA/Quadruped_Uika/install/estimation/share/ament_index/resource_index/parent_prefix_path/estimation
-- Installing: /home/nvidia/UIKA/Quadruped_Uika/install/estimation/share/estimation/environment/ament_prefix_path.sh
-- Installing: /home/nvidia/UIKA/Quadruped_Uika/install/estimation/share/estimation/environment/ament_prefix_path.dsv
-- Installing: /home/nvidia/UIKA/Quadruped_Uika/install/estimation/share/estimation/environment/path.sh
-- Installing: /home/nvidia/UIKA/Quadruped_Uika/install/estimation/share/estimation/environment/path.dsv
-- Installing: /home/nvidia/UIKA/Quadruped_Uika/install/estimation/share/estimation/local_setup.bash
-- Installing: /home/nvidia/UIKA/Quadruped_Uika/install/estimation/share/estimation/local_setup.sh
-- Installing: /home/nvidia/UIKA/Quadruped_Uika/install/estimation/share/estimation/local_setup.zsh
-- Installing: /home/nvidia/UIKA/Quadruped_Uika/install/estimation/share/estimation/local_setup.dsv
-- Installing: /home/nvidia/UIKA/Quadruped_Uika/install/estimation/share/estimation/package.dsv
-- Installing: /home/nvidia/UIKA/Quadruped_Uika/install/estimation/share/ament_index/resource_index/packages/estimation
-- Installing: /home/nvidia/UIKA/Quadruped_Uika/install/estimation/share/estimation/cmake/estimationConfig.cmake
-- Installing: /home/nvidia/UIKA/Quadruped_Uika/install/estimation/share/estimation/cmake/estimationConfig-version.cmake
-- Installing: /home/nvidia/UIKA/Quadruped_Uika/install/estimation/share/estimation/package.xml
