[1.602s] Invoking command in '/home/nvidia/UIKA/Quadruped_Uika/src/imu': PYTHONPATH=/home/nvidia/UIKA/Quadruped_Uika/build/dm_imu/prefix_override:/usr/lib/python3/dist-packages/colcon_core/task/python/colcon_distutils_commands:/home/nvidia/UIKA/Quadruped_Uika/install/dm_imu/lib/python3.10/site-packages:${PYTHONPATH} /usr/bin/python3 -W ignore:setup.py install is deprecated -W ignore:easy_install command is deprecated setup.py egg_info --egg-base ../../build/dm_imu build --build-base /home/nvidia/UIKA/Quadruped_Uika/build/dm_imu/build install --record /home/nvidia/UIKA/Quadruped_Uika/build/dm_imu/install.log --single-version-externally-managed install_data
[2.236s] running egg_info
[2.237s] creating ../../build/dm_imu/dm_imu.egg-info
[2.238s] writing ../../build/dm_imu/dm_imu.egg-info/PKG-INFO
[2.238s] writing dependency_links to ../../build/dm_imu/dm_imu.egg-info/dependency_links.txt
[2.239s] writing entry points to ../../build/dm_imu/dm_imu.egg-info/entry_points.txt
[2.239s] writing requirements to ../../build/dm_imu/dm_imu.egg-info/requires.txt
[2.240s] writing top-level names to ../../build/dm_imu/dm_imu.egg-info/top_level.txt
[2.241s] writing manifest file '../../build/dm_imu/dm_imu.egg-info/SOURCES.txt'
[2.247s] reading manifest file '../../build/dm_imu/dm_imu.egg-info/SOURCES.txt'
[2.248s] adding license file 'LICENSE'
[2.250s] writing manifest file '../../build/dm_imu/dm_imu.egg-info/SOURCES.txt'
[2.251s] running build
[2.251s] running build_py
[2.252s] creating /home/nvidia/UIKA/Quadruped_Uika/build/dm_imu/build
[2.253s] creating /home/nvidia/UIKA/Quadruped_Uika/build/dm_imu/build/lib
[2.253s] creating /home/nvidia/UIKA/Quadruped_Uika/build/dm_imu/build/lib/dm_imu
[2.254s] copying dm_imu/__init__.py -> /home/nvidia/UIKA/Quadruped_Uika/build/dm_imu/build/lib/dm_imu
[2.255s] copying dm_imu/node.py -> /home/nvidia/UIKA/Quadruped_Uika/build/dm_imu/build/lib/dm_imu
[2.255s] creating /home/nvidia/UIKA/Quadruped_Uika/build/dm_imu/build/lib/dm_imu/modules
[2.256s] copying dm_imu/modules/dm_serial.py -> /home/nvidia/UIKA/Quadruped_Uika/build/dm_imu/build/lib/dm_imu/modules
[2.256s] copying dm_imu/modules/__init__.py -> /home/nvidia/UIKA/Quadruped_Uika/build/dm_imu/build/lib/dm_imu/modules
[2.257s] copying dm_imu/modules/dm_crc.py -> /home/nvidia/UIKA/Quadruped_Uika/build/dm_imu/build/lib/dm_imu/modules
[2.261s] running install
[2.263s] running install_lib
[2.267s] creating /home/nvidia/UIKA/Quadruped_Uika/install/dm_imu/lib/python3.10/site-packages/dm_imu
[2.268s] copying /home/nvidia/UIKA/Quadruped_Uika/build/dm_imu/build/lib/dm_imu/__init__.py -> /home/nvidia/UIKA/Quadruped_Uika/install/dm_imu/lib/python3.10/site-packages/dm_imu
[2.269s] copying /home/nvidia/UIKA/Quadruped_Uika/build/dm_imu/build/lib/dm_imu/node.py -> /home/nvidia/UIKA/Quadruped_Uika/install/dm_imu/lib/python3.10/site-packages/dm_imu
[2.270s] creating /home/nvidia/UIKA/Quadruped_Uika/install/dm_imu/lib/python3.10/site-packages/dm_imu/modules
[2.271s] copying /home/nvidia/UIKA/Quadruped_Uika/build/dm_imu/build/lib/dm_imu/modules/dm_serial.py -> /home/nvidia/UIKA/Quadruped_Uika/install/dm_imu/lib/python3.10/site-packages/dm_imu/modules
[2.272s] copying /home/nvidia/UIKA/Quadruped_Uika/build/dm_imu/build/lib/dm_imu/modules/__init__.py -> /home/nvidia/UIKA/Quadruped_Uika/install/dm_imu/lib/python3.10/site-packages/dm_imu/modules
[2.273s] copying /home/nvidia/UIKA/Quadruped_Uika/build/dm_imu/build/lib/dm_imu/modules/dm_crc.py -> /home/nvidia/UIKA/Quadruped_Uika/install/dm_imu/lib/python3.10/site-packages/dm_imu/modules
[2.275s] byte-compiling /home/nvidia/UIKA/Quadruped_Uika/install/dm_imu/lib/python3.10/site-packages/dm_imu/__init__.py to __init__.cpython-310.pyc
[2.277s] byte-compiling /home/nvidia/UIKA/Quadruped_Uika/install/dm_imu/lib/python3.10/site-packages/dm_imu/node.py to node.cpython-310.pyc
[2.289s] byte-compiling /home/nvidia/UIKA/Quadruped_Uika/install/dm_imu/lib/python3.10/site-packages/dm_imu/modules/dm_serial.py to dm_serial.cpython-310.pyc
[2.289s] byte-compiling /home/nvidia/UIKA/Quadruped_Uika/install/dm_imu/lib/python3.10/site-packages/dm_imu/modules/__init__.py to __init__.cpython-310.pyc
[2.290s] byte-compiling /home/nvidia/UIKA/Quadruped_Uika/install/dm_imu/lib/python3.10/site-packages/dm_imu/modules/dm_crc.py to dm_crc.cpython-310.pyc
[2.295s] running install_data
[2.295s] creating /home/nvidia/UIKA/Quadruped_Uika/install/dm_imu/share/ament_index
[2.295s] creating /home/nvidia/UIKA/Quadruped_Uika/install/dm_imu/share/ament_index/resource_index
[2.296s] creating /home/nvidia/UIKA/Quadruped_Uika/install/dm_imu/share/ament_index/resource_index/packages
[2.296s] copying resource/dm_imu -> /home/nvidia/UIKA/Quadruped_Uika/install/dm_imu/share/ament_index/resource_index/packages
[2.296s] copying package.xml -> /home/nvidia/UIKA/Quadruped_Uika/install/dm_imu/share/dm_imu
[2.296s] creating /home/nvidia/UIKA/Quadruped_Uika/install/dm_imu/share/dm_imu/launch
[2.296s] copying launch/dm_imu.launch.py -> /home/nvidia/UIKA/Quadruped_Uika/install/dm_imu/share/dm_imu/launch
[2.296s] copying launch/dm_imu_rviz.launch.py -> /home/nvidia/UIKA/Quadruped_Uika/install/dm_imu/share/dm_imu/launch
[2.298s] creating /home/nvidia/UIKA/Quadruped_Uika/install/dm_imu/share/dm_imu/config
[2.299s] copying config/params.yaml -> /home/nvidia/UIKA/Quadruped_Uika/install/dm_imu/share/dm_imu/config
[2.301s] creating /home/nvidia/UIKA/Quadruped_Uika/install/dm_imu/share/dm_imu/rviz
[2.302s] copying rviz/imu.rviz -> /home/nvidia/UIKA/Quadruped_Uika/install/dm_imu/share/dm_imu/rviz
[2.303s] running install_egg_info
[2.312s] Copying ../../build/dm_imu/dm_imu.egg-info to /home/nvidia/UIKA/Quadruped_Uika/install/dm_imu/lib/python3.10/site-packages/dm_imu-0.1.0-py3.10.egg-info
[2.321s] running install_scripts
[2.365s] Installing dm_imu_node script to /home/nvidia/UIKA/Quadruped_Uika/install/dm_imu/lib/dm_imu
[2.366s] writing list of installed files to '/home/nvidia/UIKA/Quadruped_Uika/build/dm_imu/install.log'
[2.462s] Invoked command in '/home/nvidia/UIKA/Quadruped_Uika/src/imu' returned '0': PYTHONPATH=/home/nvidia/UIKA/Quadruped_Uika/build/dm_imu/prefix_override:/usr/lib/python3/dist-packages/colcon_core/task/python/colcon_distutils_commands:/home/nvidia/UIKA/Quadruped_Uika/install/dm_imu/lib/python3.10/site-packages:${PYTHONPATH} /usr/bin/python3 -W ignore:setup.py install is deprecated -W ignore:easy_install command is deprecated setup.py egg_info --egg-base ../../build/dm_imu build --build-base /home/nvidia/UIKA/Quadruped_Uika/build/dm_imu/build install --record /home/nvidia/UIKA/Quadruped_Uika/build/dm_imu/install.log --single-version-externally-managed install_data
