-- The C compiler identification is GNU 11.4.0
-- The CXX compiler identification is GNU 11.4.0
-- Detecting C compiler ABI info
-- Detecting C compiler ABI info - done
-- Check for working C compiler: /usr/bin/cc - skipped
-- Detecting C compile features
-- Detecting C compile features - done
-- Detecting CXX compiler ABI info
-- Detecting CXX compiler ABI info - done
-- Check for working CXX compiler: /usr/bin/c++ - skipped
-- Detecting CXX compile features
-- Detecting CXX compile features - done
-- Found ament_cmake: 1.3.12 (/opt/ros/humble/share/ament_cmake/cmake)
-- Found Python3: /usr/bin/python3 (found version "3.10.12") found components: Interpreter 
-- Found rclcpp: 16.0.16 (/opt/ros/humble/share/rclcpp/cmake)
-- Found rosidl_generator_c: 3.1.7 (/opt/ros/humble/share/rosidl_generator_c/cmake)
-- Found rosidl_adapter: 3.1.7 (/opt/ros/humble/share/rosidl_adapter/cmake)
-- Found rosidl_generator_cpp: 3.1.7 (/opt/ros/humble/share/rosidl_generator_cpp/cmake)
-- Using all available rosidl_typesupport_c: rosidl_typesupport_fastrtps_c;rosidl_typesupport_introspection_c
-- Using all available rosidl_typesupport_cpp: rosidl_typesupport_fastrtps_cpp;rosidl_typesupport_introspection_cpp
-- Found rmw_implementation_cmake: 6.1.2 (/opt/ros/humble/share/rmw_implementation_cmake/cmake)
-- Found rmw_fastrtps_cpp: 6.2.9 (/opt/ros/humble/share/rmw_fastrtps_cpp/cmake)
-- Found OpenSSL: /usr/lib/aarch64-linux-gnu/libcrypto.so (found version "3.0.2")  
-- Found FastRTPS: /opt/ros/humble/include  
-- Using RMW implementation 'rmw_fastrtps_cpp' as default
-- Looking for pthread.h
-- Looking for pthread.h - found
-- Performing Test CMAKE_HAVE_LIBC_PTHREAD
-- Performing Test CMAKE_HAVE_LIBC_PTHREAD - Success
-- Found Threads: TRUE  
-- Found geometry_msgs: 4.9.0 (/opt/ros/humble/share/geometry_msgs/cmake)
-- Found sensor_msgs: 4.9.0 (/opt/ros/humble/share/sensor_msgs/cmake)
-- Configuring done
-- Generating done
-- Build files have been written to: /home/nvidia/UIKA/Quadruped_Uika/build/xbox
[ 50%] [32mBuilding CXX object CMakeFiles/xbox_vel_publisher.dir/src/xbox_vel_publisher.cpp.o[0m
[100%] [32m[1mLinking CXX executable xbox_vel_publisher[0m
[100%] Built target xbox_vel_publisher
-- Install configuration: ""
-- Installing: /home/nvidia/UIKA/Quadruped_Uika/install/xbox/lib/xbox/xbox_vel_publisher
-- Set runtime path of "/home/nvidia/UIKA/Quadruped_Uika/install/xbox/lib/xbox/xbox_vel_publisher" to ""
-- Installing: /home/nvidia/UIKA/Quadruped_Uika/install/xbox/share/xbox/launch
-- Installing: /home/nvidia/UIKA/Quadruped_Uika/install/xbox/share/xbox/launch/xbox.launch.py
-- Installing: /home/nvidia/UIKA/Quadruped_Uika/install/xbox/share/ament_index/resource_index/package_run_dependencies/xbox
-- Installing: /home/nvidia/UIKA/Quadruped_Uika/install/xbox/share/ament_index/resource_index/parent_prefix_path/xbox
-- Installing: /home/nvidia/UIKA/Quadruped_Uika/install/xbox/share/xbox/environment/ament_prefix_path.sh
-- Installing: /home/nvidia/UIKA/Quadruped_Uika/install/xbox/share/xbox/environment/ament_prefix_path.dsv
-- Installing: /home/nvidia/UIKA/Quadruped_Uika/install/xbox/share/xbox/environment/path.sh
-- Installing: /home/nvidia/UIKA/Quadruped_Uika/install/xbox/share/xbox/environment/path.dsv
-- Installing: /home/nvidia/UIKA/Quadruped_Uika/install/xbox/share/xbox/local_setup.bash
-- Installing: /home/nvidia/UIKA/Quadruped_Uika/install/xbox/share/xbox/local_setup.sh
-- Installing: /home/nvidia/UIKA/Quadruped_Uika/install/xbox/share/xbox/local_setup.zsh
-- Installing: /home/nvidia/UIKA/Quadruped_Uika/install/xbox/share/xbox/local_setup.dsv
-- Installing: /home/nvidia/UIKA/Quadruped_Uika/install/xbox/share/xbox/package.dsv
-- Installing: /home/nvidia/UIKA/Quadruped_Uika/install/xbox/share/ament_index/resource_index/packages/xbox
-- Installing: /home/nvidia/UIKA/Quadruped_Uika/install/xbox/share/xbox/cmake/xboxConfig.cmake
-- Installing: /home/nvidia/UIKA/Quadruped_Uika/install/xbox/share/xbox/cmake/xboxConfig-version.cmake
-- Installing: /home/nvidia/UIKA/Quadruped_Uika/install/xbox/share/xbox/package.xml
