[0.050s] Invoking command in '/home/nvidia/UIKA/Quadruped_Uika/build/xbox': CMAKE_PREFIX_PATH=${CMAKE_PREFIX_PATH}:/home/nvidia/UIKA/Quadruped_Uika/install/dm_imu:/opt/ros/humble /usr/bin/cmake /home/nvidia/UIKA/Quadruped_Uika/src/xbox -DCMAKE_INSTALL_PREFIX=/home/nvidia/UIKA/Quadruped_Uika/install/xbox
[0.715s] -- The C compiler identification is GNU 11.4.0
[0.716s] -- The CXX compiler identification is GNU 11.4.0
[0.716s] -- Detecting C compiler ABI info
[0.716s] -- Detecting C compiler ABI info - done
[0.716s] -- Check for working C compiler: /usr/bin/cc - skipped
[0.716s] -- Detecting C compile features
[0.716s] -- Detecting C compile features - done
[0.716s] -- Detecting CXX compiler ABI info
[0.766s] -- Detecting CXX compiler ABI info - done
[0.781s] -- Check for working CXX compiler: /usr/bin/c++ - skipped
[0.781s] -- Detecting CXX compile features
[0.782s] -- Detecting CXX compile features - done
[0.788s] -- Found ament_cmake: 1.3.12 (/opt/ros/humble/share/ament_cmake/cmake)
[1.186s] -- Found Python3: /usr/bin/python3 (found version "3.10.12") found components: Interpreter 
[1.426s] -- Found rclcpp: 16.0.16 (/opt/ros/humble/share/rclcpp/cmake)
[1.522s] -- Found rosidl_generator_c: 3.1.7 (/opt/ros/humble/share/rosidl_generator_c/cmake)
[1.532s] -- Found rosidl_adapter: 3.1.7 (/opt/ros/humble/share/rosidl_adapter/cmake)
[1.551s] -- Found rosidl_generator_cpp: 3.1.7 (/opt/ros/humble/share/rosidl_generator_cpp/cmake)
[1.586s] -- Using all available rosidl_typesupport_c: rosidl_typesupport_fastrtps_c;rosidl_typesupport_introspection_c
[1.620s] -- Using all available rosidl_typesupport_cpp: rosidl_typesupport_fastrtps_cpp;rosidl_typesupport_introspection_cpp
[1.731s] -- Found rmw_implementation_cmake: 6.1.2 (/opt/ros/humble/share/rmw_implementation_cmake/cmake)
[1.738s] -- Found rmw_fastrtps_cpp: 6.2.9 (/opt/ros/humble/share/rmw_fastrtps_cpp/cmake)
[1.938s] -- Found OpenSSL: /usr/lib/aarch64-linux-gnu/libcrypto.so (found version "3.0.2")  
[1.996s] -- Found FastRTPS: /opt/ros/humble/include  
[2.087s] -- Using RMW implementation 'rmw_fastrtps_cpp' as default
[2.108s] -- Looking for pthread.h
[2.310s] -- Looking for pthread.h - found
[2.311s] -- Performing Test CMAKE_HAVE_LIBC_PTHREAD
[2.477s] -- Performing Test CMAKE_HAVE_LIBC_PTHREAD - Success
[2.477s] -- Found Threads: TRUE  
[2.597s] -- Found geometry_msgs: 4.9.0 (/opt/ros/humble/share/geometry_msgs/cmake)
[2.626s] -- Found sensor_msgs: 4.9.0 (/opt/ros/humble/share/sensor_msgs/cmake)
[2.827s] -- Configuring done
[2.855s] -- Generating done
[2.865s] -- Build files have been written to: /home/nvidia/UIKA/Quadruped_Uika/build/xbox
[2.892s] Invoked command in '/home/nvidia/UIKA/Quadruped_Uika/build/xbox' returned '0': CMAKE_PREFIX_PATH=${CMAKE_PREFIX_PATH}:/home/nvidia/UIKA/Quadruped_Uika/install/dm_imu:/opt/ros/humble /usr/bin/cmake /home/nvidia/UIKA/Quadruped_Uika/src/xbox -DCMAKE_INSTALL_PREFIX=/home/nvidia/UIKA/Quadruped_Uika/install/xbox
[2.894s] Invoking command in '/home/nvidia/UIKA/Quadruped_Uika/build/xbox': CMAKE_PREFIX_PATH=${CMAKE_PREFIX_PATH}:/home/nvidia/UIKA/Quadruped_Uika/install/dm_imu:/opt/ros/humble /usr/bin/cmake --build /home/nvidia/UIKA/Quadruped_Uika/build/xbox -- -j6 -l6
[3.004s] [ 50%] [32mBuilding CXX object CMakeFiles/xbox_vel_publisher.dir/src/xbox_vel_publisher.cpp.o[0m
[28.380s] [100%] [32m[1mLinking CXX executable xbox_vel_publisher[0m
[29.329s] [100%] Built target xbox_vel_publisher
[29.353s] Invoked command in '/home/nvidia/UIKA/Quadruped_Uika/build/xbox' returned '0': CMAKE_PREFIX_PATH=${CMAKE_PREFIX_PATH}:/home/nvidia/UIKA/Quadruped_Uika/install/dm_imu:/opt/ros/humble /usr/bin/cmake --build /home/nvidia/UIKA/Quadruped_Uika/build/xbox -- -j6 -l6
[29.357s] Invoking command in '/home/nvidia/UIKA/Quadruped_Uika/build/xbox': CMAKE_PREFIX_PATH=${CMAKE_PREFIX_PATH}:/home/nvidia/UIKA/Quadruped_Uika/install/dm_imu:/opt/ros/humble /usr/bin/cmake --install /home/nvidia/UIKA/Quadruped_Uika/build/xbox
[29.376s] -- Install configuration: ""
[29.376s] -- Installing: /home/nvidia/UIKA/Quadruped_Uika/install/xbox/lib/xbox/xbox_vel_publisher
[29.386s] -- Set runtime path of "/home/nvidia/UIKA/Quadruped_Uika/install/xbox/lib/xbox/xbox_vel_publisher" to ""
[29.387s] -- Installing: /home/nvidia/UIKA/Quadruped_Uika/install/xbox/share/xbox/launch
[29.387s] -- Installing: /home/nvidia/UIKA/Quadruped_Uika/install/xbox/share/xbox/launch/xbox.launch.py
[29.387s] -- Installing: /home/nvidia/UIKA/Quadruped_Uika/install/xbox/share/ament_index/resource_index/package_run_dependencies/xbox
[29.388s] -- Installing: /home/nvidia/UIKA/Quadruped_Uika/install/xbox/share/ament_index/resource_index/parent_prefix_path/xbox
[29.388s] -- Installing: /home/nvidia/UIKA/Quadruped_Uika/install/xbox/share/xbox/environment/ament_prefix_path.sh
[29.388s] -- Installing: /home/nvidia/UIKA/Quadruped_Uika/install/xbox/share/xbox/environment/ament_prefix_path.dsv
[29.389s] -- Installing: /home/nvidia/UIKA/Quadruped_Uika/install/xbox/share/xbox/environment/path.sh
[29.389s] -- Installing: /home/nvidia/UIKA/Quadruped_Uika/install/xbox/share/xbox/environment/path.dsv
[29.389s] -- Installing: /home/nvidia/UIKA/Quadruped_Uika/install/xbox/share/xbox/local_setup.bash
[29.390s] -- Installing: /home/nvidia/UIKA/Quadruped_Uika/install/xbox/share/xbox/local_setup.sh
[29.390s] -- Installing: /home/nvidia/UIKA/Quadruped_Uika/install/xbox/share/xbox/local_setup.zsh
[29.390s] -- Installing: /home/nvidia/UIKA/Quadruped_Uika/install/xbox/share/xbox/local_setup.dsv
[29.390s] -- Installing: /home/nvidia/UIKA/Quadruped_Uika/install/xbox/share/xbox/package.dsv
[29.391s] -- Installing: /home/nvidia/UIKA/Quadruped_Uika/install/xbox/share/ament_index/resource_index/packages/xbox
[29.391s] -- Installing: /home/nvidia/UIKA/Quadruped_Uika/install/xbox/share/xbox/cmake/xboxConfig.cmake
[29.391s] -- Installing: /home/nvidia/UIKA/Quadruped_Uika/install/xbox/share/xbox/cmake/xboxConfig-version.cmake
[29.392s] -- Installing: /home/nvidia/UIKA/Quadruped_Uika/install/xbox/share/xbox/package.xml
[29.401s] Invoked command in '/home/nvidia/UIKA/Quadruped_Uika/build/xbox' returned '0': CMAKE_PREFIX_PATH=${CMAKE_PREFIX_PATH}:/home/nvidia/UIKA/Quadruped_Uika/install/dm_imu:/opt/ros/humble /usr/bin/cmake --install /home/nvidia/UIKA/Quadruped_Uika/build/xbox
