[0.020s] Invoking command in '/home/nvidia/UIKA/Quadruped_Uika/build/bringup': CMAKE_PREFIX_PATH=/home/nvidia/UIKA/Quadruped_Uika/install/xbox:/home/nvidia/UIKA/Quadruped_Uika/install/bringup:/home/nvidia/UIKA/Quadruped_Uika/install/rs_motor_ros2:/home/nvidia/UIKA/Quadruped_Uika/install/main_control:/home/nvidia/UIKA/Quadruped_Uika/install/estimation:/home/nvidia/UIKA/Quadruped_Uika/install/interfaces:/home/nvidia/UIKA/Quadruped_Uika/install/description:/home/nvidia/UIKA/Quadruped_Uika/install/dm_imu:/opt/ros/humble /usr/bin/cmake /home/nvidia/UIKA/Quadruped_Uika/src/bringup -DCMAKE_INSTALL_PREFIX=/home/nvidia/UIKA/Quadruped_Uika/install/bringup
[0.137s] -- The C compiler identification is GNU 11.4.0
[0.251s] -- The CXX compiler identification is GNU 11.4.0
[0.267s] -- Detecting C compiler ABI info
[0.429s] -- Detecting C compiler ABI info - done
[0.444s] -- Check for working C compiler: /usr/bin/cc - skipped
[0.444s] -- Detecting C compile features
[0.445s] -- Detecting C compile features - done
[0.453s] -- Detecting CXX compiler ABI info
[0.637s] -- Detecting CXX compiler ABI info - done
[0.649s] -- Check for working CXX compiler: /usr/bin/c++ - skipped
[0.650s] -- Detecting CXX compile features
[0.650s] -- Detecting CXX compile features - done
[0.657s] -- Found ament_cmake: 1.3.12 (/opt/ros/humble/share/ament_cmake/cmake)
[1.041s] -- Found Python3: /usr/bin/python3 (found version "3.10.12") found components: Interpreter 
[1.286s] -- Found ament_cmake_ros: 0.10.0 (/opt/ros/humble/share/ament_cmake_ros/cmake)
[1.467s] -- Configuring done
[1.474s] -- Generating done
[1.478s] -- Build files have been written to: /home/nvidia/UIKA/Quadruped_Uika/build/bringup
[1.491s] Invoked command in '/home/nvidia/UIKA/Quadruped_Uika/build/bringup' returned '0': CMAKE_PREFIX_PATH=/home/nvidia/UIKA/Quadruped_Uika/install/xbox:/home/nvidia/UIKA/Quadruped_Uika/install/bringup:/home/nvidia/UIKA/Quadruped_Uika/install/rs_motor_ros2:/home/nvidia/UIKA/Quadruped_Uika/install/main_control:/home/nvidia/UIKA/Quadruped_Uika/install/estimation:/home/nvidia/UIKA/Quadruped_Uika/install/interfaces:/home/nvidia/UIKA/Quadruped_Uika/install/description:/home/nvidia/UIKA/Quadruped_Uika/install/dm_imu:/opt/ros/humble /usr/bin/cmake /home/nvidia/UIKA/Quadruped_Uika/src/bringup -DCMAKE_INSTALL_PREFIX=/home/nvidia/UIKA/Quadruped_Uika/install/bringup
[1.493s] Invoking command in '/home/nvidia/UIKA/Quadruped_Uika/build/bringup': CMAKE_PREFIX_PATH=/home/nvidia/UIKA/Quadruped_Uika/install/xbox:/home/nvidia/UIKA/Quadruped_Uika/install/bringup:/home/nvidia/UIKA/Quadruped_Uika/install/rs_motor_ros2:/home/nvidia/UIKA/Quadruped_Uika/install/main_control:/home/nvidia/UIKA/Quadruped_Uika/install/estimation:/home/nvidia/UIKA/Quadruped_Uika/install/interfaces:/home/nvidia/UIKA/Quadruped_Uika/install/description:/home/nvidia/UIKA/Quadruped_Uika/install/dm_imu:/opt/ros/humble /usr/bin/cmake --build /home/nvidia/UIKA/Quadruped_Uika/build/bringup -- -j6 -l6
[1.578s] Invoked command in '/home/nvidia/UIKA/Quadruped_Uika/build/bringup' returned '0': CMAKE_PREFIX_PATH=/home/nvidia/UIKA/Quadruped_Uika/install/xbox:/home/nvidia/UIKA/Quadruped_Uika/install/bringup:/home/nvidia/UIKA/Quadruped_Uika/install/rs_motor_ros2:/home/nvidia/UIKA/Quadruped_Uika/install/main_control:/home/nvidia/UIKA/Quadruped_Uika/install/estimation:/home/nvidia/UIKA/Quadruped_Uika/install/interfaces:/home/nvidia/UIKA/Quadruped_Uika/install/description:/home/nvidia/UIKA/Quadruped_Uika/install/dm_imu:/opt/ros/humble /usr/bin/cmake --build /home/nvidia/UIKA/Quadruped_Uika/build/bringup -- -j6 -l6
[1.582s] Invoking command in '/home/nvidia/UIKA/Quadruped_Uika/build/bringup': CMAKE_PREFIX_PATH=/home/nvidia/UIKA/Quadruped_Uika/install/xbox:/home/nvidia/UIKA/Quadruped_Uika/install/bringup:/home/nvidia/UIKA/Quadruped_Uika/install/rs_motor_ros2:/home/nvidia/UIKA/Quadruped_Uika/install/main_control:/home/nvidia/UIKA/Quadruped_Uika/install/estimation:/home/nvidia/UIKA/Quadruped_Uika/install/interfaces:/home/nvidia/UIKA/Quadruped_Uika/install/description:/home/nvidia/UIKA/Quadruped_Uika/install/dm_imu:/opt/ros/humble /usr/bin/cmake --install /home/nvidia/UIKA/Quadruped_Uika/build/bringup
[1.599s] -- Install configuration: ""
[1.599s] -- Installing: /home/nvidia/UIKA/Quadruped_Uika/install/bringup/share/bringup/launch
[1.599s] -- Installing: /home/nvidia/UIKA/Quadruped_Uika/install/bringup/share/bringup/launch/bringup.launch.py
[1.603s] -- Installing: /home/nvidia/UIKA/Quadruped_Uika/install/bringup/share/ament_index/resource_index/package_run_dependencies/bringup
[1.606s] -- Installing: /home/nvidia/UIKA/Quadruped_Uika/install/bringup/share/ament_index/resource_index/parent_prefix_path/bringup
[1.607s] -- Installing: /home/nvidia/UIKA/Quadruped_Uika/install/bringup/share/bringup/environment/ament_prefix_path.sh
[1.607s] -- Installing: /home/nvidia/UIKA/Quadruped_Uika/install/bringup/share/bringup/environment/ament_prefix_path.dsv
[1.607s] -- Installing: /home/nvidia/UIKA/Quadruped_Uika/install/bringup/share/bringup/environment/path.sh
[1.607s] -- Installing: /home/nvidia/UIKA/Quadruped_Uika/install/bringup/share/bringup/environment/path.dsv
[1.607s] -- Installing: /home/nvidia/UIKA/Quadruped_Uika/install/bringup/share/bringup/local_setup.bash
[1.608s] -- Installing: /home/nvidia/UIKA/Quadruped_Uika/install/bringup/share/bringup/local_setup.sh
[1.608s] -- Installing: /home/nvidia/UIKA/Quadruped_Uika/install/bringup/share/bringup/local_setup.zsh
[1.608s] -- Installing: /home/nvidia/UIKA/Quadruped_Uika/install/bringup/share/bringup/local_setup.dsv
[1.608s] -- Installing: /home/nvidia/UIKA/Quadruped_Uika/install/bringup/share/bringup/package.dsv
[1.608s] -- Installing: /home/nvidia/UIKA/Quadruped_Uika/install/bringup/share/ament_index/resource_index/packages/bringup
[1.608s] -- Installing: /home/nvidia/UIKA/Quadruped_Uika/install/bringup/share/bringup/cmake/bringupConfig.cmake
[1.608s] -- Installing: /home/nvidia/UIKA/Quadruped_Uika/install/bringup/share/bringup/cmake/bringupConfig-version.cmake
[1.609s] -- Installing: /home/nvidia/UIKA/Quadruped_Uika/install/bringup/share/bringup/package.xml
[1.615s] Invoked command in '/home/nvidia/UIKA/Quadruped_Uika/build/bringup' returned '0': CMAKE_PREFIX_PATH=/home/nvidia/UIKA/Quadruped_Uika/install/xbox:/home/nvidia/UIKA/Quadruped_Uika/install/bringup:/home/nvidia/UIKA/Quadruped_Uika/install/rs_motor_ros2:/home/nvidia/UIKA/Quadruped_Uika/install/main_control:/home/nvidia/UIKA/Quadruped_Uika/install/estimation:/home/nvidia/UIKA/Quadruped_Uika/install/interfaces:/home/nvidia/UIKA/Quadruped_Uika/install/description:/home/nvidia/UIKA/Quadruped_Uika/install/dm_imu:/opt/ros/humble /usr/bin/cmake --install /home/nvidia/UIKA/Quadruped_Uika/build/bringup
