[0.696s] Invoking command in '/home/nvidia/UIKA/Quadruped_Uika/build/main_control': CMAKE_PREFIX_PATH=${CMAKE_PREFIX_PATH}:/home/nvidia/UIKA/Quadruped_Uika/install/dm_imu:/opt/ros/humble /usr/bin/cmake /home/nvidia/UIKA/Quadruped_Uika/src/main_control -DCMAKE_INSTALL_PREFIX=/home/nvidia/UIKA/Quadruped_Uika/install/main_control
[0.824s] -- The C compiler identification is GNU 11.4.0
[0.951s] -- The CXX compiler identification is GNU 11.4.0
[0.967s] -- Detecting C compiler ABI info
[1.128s] -- Detecting C compiler ABI info - done
[1.141s] -- Check for working C compiler: /usr/bin/cc - skipped
[1.142s] -- Detecting C compile features
[1.142s] -- Detecting C compile features - done
[1.150s] -- Detecting CXX compiler ABI info
[1.329s] -- Detecting CXX compiler ABI info - done
[1.355s] -- Check for working CXX compiler: /usr/bin/c++ - skipped
[1.356s] -- Detecting CXX compile features
[1.357s] -- Detecting CXX compile features - done
[1.366s] -- Found ament_cmake: 1.3.12 (/opt/ros/humble/share/ament_cmake/cmake)
[1.741s] -- Found Python3: /usr/bin/python3 (found version "3.10.12") found components: Interpreter 
[1.958s] -- Found ament_lint_auto: 0.12.14 (/opt/ros/humble/share/ament_lint_auto/cmake)
[2.143s] -- Added test 'lint_cmake' to check CMake code style
[2.145s] -- Added test 'xmllint' to check XML markup files
[2.149s] -- Configuring done
[2.161s] -- Generating done
[2.162s] -- Build files have been written to: /home/nvidia/UIKA/Quadruped_Uika/build/main_control
[2.177s] Invoked command in '/home/nvidia/UIKA/Quadruped_Uika/build/main_control' returned '0': CMAKE_PREFIX_PATH=${CMAKE_PREFIX_PATH}:/home/nvidia/UIKA/Quadruped_Uika/install/dm_imu:/opt/ros/humble /usr/bin/cmake /home/nvidia/UIKA/Quadruped_Uika/src/main_control -DCMAKE_INSTALL_PREFIX=/home/nvidia/UIKA/Quadruped_Uika/install/main_control
[2.178s] Invoking command in '/home/nvidia/UIKA/Quadruped_Uika/build/main_control': CMAKE_PREFIX_PATH=${CMAKE_PREFIX_PATH}:/home/nvidia/UIKA/Quadruped_Uika/install/dm_imu:/opt/ros/humble /usr/bin/cmake --build /home/nvidia/UIKA/Quadruped_Uika/build/main_control -- -j6 -l6
[2.272s] Invoked command in '/home/nvidia/UIKA/Quadruped_Uika/build/main_control' returned '0': CMAKE_PREFIX_PATH=${CMAKE_PREFIX_PATH}:/home/nvidia/UIKA/Quadruped_Uika/install/dm_imu:/opt/ros/humble /usr/bin/cmake --build /home/nvidia/UIKA/Quadruped_Uika/build/main_control -- -j6 -l6
[2.274s] Invoking command in '/home/nvidia/UIKA/Quadruped_Uika/build/main_control': CMAKE_PREFIX_PATH=${CMAKE_PREFIX_PATH}:/home/nvidia/UIKA/Quadruped_Uika/install/dm_imu:/opt/ros/humble /usr/bin/cmake --install /home/nvidia/UIKA/Quadruped_Uika/build/main_control
[2.289s] -- Install configuration: ""
[2.289s] -- Installing: /home/nvidia/UIKA/Quadruped_Uika/install/main_control/share/ament_index/resource_index/package_run_dependencies/main_control
[2.290s] -- Installing: /home/nvidia/UIKA/Quadruped_Uika/install/main_control/share/ament_index/resource_index/parent_prefix_path/main_control
[2.291s] -- Installing: /home/nvidia/UIKA/Quadruped_Uika/install/main_control/share/main_control/environment/ament_prefix_path.sh
[2.291s] -- Installing: /home/nvidia/UIKA/Quadruped_Uika/install/main_control/share/main_control/environment/ament_prefix_path.dsv
[2.292s] -- Installing: /home/nvidia/UIKA/Quadruped_Uika/install/main_control/share/main_control/environment/path.sh
[2.292s] -- Installing: /home/nvidia/UIKA/Quadruped_Uika/install/main_control/share/main_control/environment/path.dsv
[2.293s] -- Installing: /home/nvidia/UIKA/Quadruped_Uika/install/main_control/share/main_control/local_setup.bash
[2.293s] -- Installing: /home/nvidia/UIKA/Quadruped_Uika/install/main_control/share/main_control/local_setup.sh
[2.294s] -- Installing: /home/nvidia/UIKA/Quadruped_Uika/install/main_control/share/main_control/local_setup.zsh
[2.294s] -- Installing: /home/nvidia/UIKA/Quadruped_Uika/install/main_control/share/main_control/local_setup.dsv
[2.295s] -- Installing: /home/nvidia/UIKA/Quadruped_Uika/install/main_control/share/main_control/package.dsv
[2.295s] -- Installing: /home/nvidia/UIKA/Quadruped_Uika/install/main_control/share/ament_index/resource_index/packages/main_control
[2.296s] -- Installing: /home/nvidia/UIKA/Quadruped_Uika/install/main_control/share/main_control/cmake/main_controlConfig.cmake
[2.296s] -- Installing: /home/nvidia/UIKA/Quadruped_Uika/install/main_control/share/main_control/cmake/main_controlConfig-version.cmake
[2.297s] -- Installing: /home/nvidia/UIKA/Quadruped_Uika/install/main_control/share/main_control/package.xml
[2.305s] Invoked command in '/home/nvidia/UIKA/Quadruped_Uika/build/main_control' returned '0': CMAKE_PREFIX_PATH=${CMAKE_PREFIX_PATH}:/home/nvidia/UIKA/Quadruped_Uika/install/dm_imu:/opt/ros/humble /usr/bin/cmake --install /home/nvidia/UIKA/Quadruped_Uika/build/main_control
