-- The C compiler identification is GNU 11.4.0
-- The CXX compiler identification is GNU 11.4.0
-- Detecting C compiler ABI info
-- Detecting C compiler ABI info - done
-- Check for working C compiler: /usr/bin/cc - skipped
-- Detecting C compile features
-- Detecting C compile features - done
-- Detecting CXX compiler ABI info
-- Detecting CXX compiler ABI info - done
-- Check for working CXX compiler: /usr/bin/c++ - skipped
-- Detecting CXX compile features
-- Detecting CXX compile features - done
-- Found ament_cmake: 1.3.12 (/opt/ros/humble/share/ament_cmake/cmake)
-- Found Python3: /usr/bin/python3 (found version "3.10.12") found components: Interpreter 
-- Found ament_lint_auto: 0.12.14 (/opt/ros/humble/share/ament_lint_auto/cmake)
-- Found urdf: 2.6.1 (/opt/ros/humble/share/urdf/cmake)
[31mCMake Error at CMakeLists.txt:20 (find_package):
-- Configuring incomplete, errors occurred!
See also "/home/nvidia/UIKA/build/a1_description/CMakeFiles/CMakeOutput.log".
  By not providing "Findxacro.cmake" in CMAKE_MODULE_PATH this project has
  asked CMake to find a package configuration file provided by "xacro", but
  CMake did not find one.

  Could not find a package configuration file provided by "xacro" with any of
  the following names:

    xacroConfig.cmake
    xacro-config.cmake

  Add the installation prefix of "xacro" to CMAKE_PREFIX_PATH or set
  "xacro_DIR" to a directory containing one of the above files.  If "xacro"
  provides a separate development package or SDK, be sure it has been
  installed.

[0m
