[0.047s] Invoking command in '/home/nvidia/UIKA/build/a1_description': CMAKE_PREFIX_PATH=/opt/ros/humble /usr/bin/cmake /home/nvidia/UIKA/rl_sar-main/src/rl_sar_zoo/a1_description -DCMAKE_INSTALL_PREFIX=/home/nvidia/UIKA/install/a1_description
[0.274s] -- The C compiler identification is GNU 11.4.0
[0.495s] -- The CXX compiler identification is GNU 11.4.0
[0.524s] -- Detecting C compiler ABI info
[0.702s] -- Detecting C compiler ABI info - done
[0.714s] -- Check for working C compiler: /usr/bin/cc - skipped
[0.715s] -- Detecting C compile features
[0.719s] -- Detecting C compile features - done
[0.726s] -- Detecting CXX compiler ABI info
[0.969s] -- Detecting CXX compiler ABI info - done
[0.987s] -- Check for working CXX compiler: /usr/bin/c++ - skipped
[0.989s] -- Detecting CXX compile features
[0.990s] -- Detecting CXX compile features - done
[0.997s] -- Found ament_cmake: 1.3.12 (/opt/ros/humble/share/ament_cmake/cmake)
[1.427s] -- Found Python3: /usr/bin/python3 (found version "3.10.12") found components: Interpreter 
[1.783s] -- Found ament_lint_auto: 0.12.14 (/opt/ros/humble/share/ament_lint_auto/cmake)
[1.786s] -- Found urdf: 2.6.1 (/opt/ros/humble/share/urdf/cmake)
[1.938s] [31mCMake Error at CMakeLists.txt:20 (find_package):
[1.938s] -- Configuring incomplete, errors occurred!
[1.939s] See also "/home/nvidia/UIKA/build/a1_description/CMakeFiles/CMakeOutput.log".
[1.939s]   By not providing "Findxacro.cmake" in CMAKE_MODULE_PATH this project has
[1.939s]   asked CMake to find a package configuration file provided by "xacro", but
[1.939s]   CMake did not find one.
[1.939s] 
[1.939s]   Could not find a package configuration file provided by "xacro" with any of
[1.940s]   the following names:
[1.940s] 
[1.940s]     xacroConfig.cmake
[1.940s]     xacro-config.cmake
[1.940s] 
[1.940s]   Add the installation prefix of "xacro" to CMAKE_PREFIX_PATH or set
[1.940s]   "xacro_DIR" to a directory containing one of the above files.  If "xacro"
[1.940s]   provides a separate development package or SDK, be sure it has been
[1.941s]   installed.
[1.941s] 
[1.941s] [0m
[1.996s] Invoked command in '/home/nvidia/UIKA/build/a1_description' returned '1': CMAKE_PREFIX_PATH=/opt/ros/humble /usr/bin/cmake /home/nvidia/UIKA/rl_sar-main/src/rl_sar_zoo/a1_description -DCMAKE_INSTALL_PREFIX=/home/nvidia/UIKA/install/a1_description
