[0.050s] Invoking command in '/home/nvidia/UIKA/build/robot_msgs': CMAKE_PREFIX_PATH=/opt/ros/humble /usr/bin/cmake /home/nvidia/UIKA/rl_sar-main/src/robot_msgs -DCMAKE_INSTALL_PREFIX=/home/nvidia/UIKA/install/robot_msgs
[0.259s] -- The C compiler identification is GNU 11.4.0
[0.468s] -- The CXX compiler identification is GNU 11.4.0
[0.504s] -- Detecting C compiler ABI info
[0.727s] -- Detecting C compiler ABI info - done
[0.759s] -- Check for working C compiler: /usr/bin/cc - skipped
[0.761s] -- Detecting C compile features
[0.763s] -- Detecting C compile features - done
[0.779s] -- Detecting CXX compiler ABI info
[1.033s] -- Detecting CXX compiler ABI info - done
[1.052s] -- Check for working CXX compiler: /usr/bin/c++ - skipped
[1.056s] -- Detecting CXX compile features
[1.058s] -- Detecting CXX compile features - done
[1.070s] -- Found ament_cmake: 1.3.12 (/opt/ros/humble/share/ament_cmake/cmake)
[1.566s] -- Found Python3: /usr/bin/python3 (found version "3.10.12") found components: Interpreter 
[1.842s] -- Found rosidl_default_generators: 1.2.0 (/opt/ros/humble/share/rosidl_default_generators/cmake)
[1.852s] -- Using all available rosidl_typesupport_c: rosidl_typesupport_fastrtps_c;rosidl_typesupport_introspection_c
[1.867s] -- Found rosidl_adapter: 3.1.7 (/opt/ros/humble/share/rosidl_adapter/cmake)
[1.997s] -- Using all available rosidl_typesupport_cpp: rosidl_typesupport_fastrtps_cpp;rosidl_typesupport_introspection_cpp
[2.743s] -- Found ament_cmake_ros: 0.10.0 (/opt/ros/humble/share/ament_cmake_ros/cmake)
[3.213s] -- Using all available rosidl_typesupport_c: rosidl_typesupport_fastrtps_c;rosidl_typesupport_introspection_c
[3.815s] -- Using all available rosidl_typesupport_cpp: rosidl_typesupport_fastrtps_cpp;rosidl_typesupport_introspection_cpp
[3.872s] -- Found PythonInterp: /usr/bin/python3 (found suitable version "3.10.12", minimum required is "3.6") 
[3.875s] -- Found python_cmake_module: 0.10.0 (/opt/ros/humble/share/python_cmake_module/cmake)
[3.936s] -- Found PythonLibs: /usr/lib/aarch64-linux-gnu/libpython3.10.so (found suitable version "3.10.12", minimum required is "3.5") 
[3.937s] -- Using PYTHON_EXECUTABLE: /usr/bin/python3
[3.937s] -- Using PYTHON_INCLUDE_DIRS: /usr/include/python3.10
[3.937s] -- Using PYTHON_LIBRARIES: /usr/lib/aarch64-linux-gnu/libpython3.10.so
[3.989s] -- Found PythonExtra: .so  
[4.316s] -- Using numpy include directory: /usr/local/lib/python3.10/dist-packages/numpy/core/include
[4.348s] -- Configuring done
[4.431s] -- Generating done
[4.455s] -- Build files have been written to: /home/nvidia/UIKA/build/robot_msgs
