/home/nvidia/UIKA/Quadruped_Uika/install/dm_imu/lib/python3.10/site-packages/dm_imu/__init__.py
/home/nvidia/UIKA/Quadruped_Uika/install/dm_imu/lib/python3.10/site-packages/dm_imu/node.py
/home/nvidia/UIKA/Quadruped_Uika/install/dm_imu/lib/python3.10/site-packages/dm_imu/modules/dm_serial.py
/home/nvidia/UIKA/Quadruped_Uika/install/dm_imu/lib/python3.10/site-packages/dm_imu/modules/__init__.py
/home/nvidia/UIKA/Quadruped_Uika/install/dm_imu/lib/python3.10/site-packages/dm_imu/modules/dm_crc.py
/home/nvidia/UIKA/Quadruped_Uika/install/dm_imu/lib/python3.10/site-packages/dm_imu/__pycache__/__init__.cpython-310.pyc
/home/nvidia/UIKA/Quadruped_Uika/install/dm_imu/lib/python3.10/site-packages/dm_imu/__pycache__/node.cpython-310.pyc
/home/nvidia/UIKA/Quadruped_Uika/install/dm_imu/lib/python3.10/site-packages/dm_imu/modules/__pycache__/dm_serial.cpython-310.pyc
/home/nvidia/UIKA/Quadruped_Uika/install/dm_imu/lib/python3.10/site-packages/dm_imu/modules/__pycache__/__init__.cpython-310.pyc
/home/nvidia/UIKA/Quadruped_Uika/install/dm_imu/lib/python3.10/site-packages/dm_imu/modules/__pycache__/dm_crc.cpython-310.pyc
/home/nvidia/UIKA/Quadruped_Uika/install/dm_imu/share/ament_index/resource_index/packages/dm_imu
/home/nvidia/UIKA/Quadruped_Uika/install/dm_imu/share/dm_imu/package.xml
/home/nvidia/UIKA/Quadruped_Uika/install/dm_imu/share/dm_imu/launch/dm_imu.launch.py
/home/nvidia/UIKA/Quadruped_Uika/install/dm_imu/share/dm_imu/launch/dm_imu_rviz.launch.py
/home/nvidia/UIKA/Quadruped_Uika/install/dm_imu/share/dm_imu/config/params.yaml
/home/nvidia/UIKA/Quadruped_Uika/install/dm_imu/share/dm_imu/rviz/imu.rviz
/home/nvidia/UIKA/Quadruped_Uika/install/dm_imu/lib/python3.10/site-packages/dm_imu-0.1.0-py3.10.egg-info/entry_points.txt
/home/nvidia/UIKA/Quadruped_Uika/install/dm_imu/lib/python3.10/site-packages/dm_imu-0.1.0-py3.10.egg-info/dependency_links.txt
/home/nvidia/UIKA/Quadruped_Uika/install/dm_imu/lib/python3.10/site-packages/dm_imu-0.1.0-py3.10.egg-info/zip-safe
/home/nvidia/UIKA/Quadruped_Uika/install/dm_imu/lib/python3.10/site-packages/dm_imu-0.1.0-py3.10.egg-info/requires.txt
/home/nvidia/UIKA/Quadruped_Uika/install/dm_imu/lib/python3.10/site-packages/dm_imu-0.1.0-py3.10.egg-info/PKG-INFO
/home/nvidia/UIKA/Quadruped_Uika/install/dm_imu/lib/python3.10/site-packages/dm_imu-0.1.0-py3.10.egg-info/top_level.txt
/home/nvidia/UIKA/Quadruped_Uika/install/dm_imu/lib/python3.10/site-packages/dm_imu-0.1.0-py3.10.egg-info/SOURCES.txt
/home/nvidia/UIKA/Quadruped_Uika/install/dm_imu/lib/dm_imu/dm_imu_node
