[0.048s] Invoking command in '/home/nvidia/UIKA/build/b2w_description': CMAKE_PREFIX_PATH=${CMAKE_PREFIX_PATH}:/home/nvidia/UIKA/Quadruped_Uika/install/dm_imu:/opt/ros/humble /usr/bin/cmake /home/nvidia/UIKA/rl_sar-main/src/rl_sar_zoo/b2w_description -DCMAKE_INSTALL_PREFIX=/home/nvidia/UIKA/install/b2w_description
[0.083s] -- Found ament_cmake: 1.3.12 (/opt/ros/humble/share/ament_cmake/cmake)
[0.690s] -- Found ament_lint_auto: 0.12.14 (/opt/ros/humble/share/ament_lint_auto/cmake)
[0.692s] -- Found urdf: 2.6.1 (/opt/ros/humble/share/urdf/cmake)
[0.894s] [31mCMake Error at CMakeLists.txt:20 (find_package):
[0.894s]   By not providing "Findxacro.cmake" in CMAKE_MODULE_PATH this project has
[0.894s]   asked CMake to find a package configuration file provided by "xacro", but
[0.895s]   CMake did not find one.
[0.895s] 
[0.895s]   Could not find a package configuration file provided by "xacro" with any of
[0.895s]   the following names:
[0.895s] 
[0.895s]     xacroConfig.cmake
[0.896s]     xacro-config.cmake
[0.896s] 
[0.896s]   Add the installation prefix of "xacro" to CMAKE_PREFIX_PATH or set
[0.896s]   "xacro_DIR" to a directory containing one of the above files.  If "xacro"
[0.896s]   provides a separate development package or SDK, be sure it has been
[0.896s]   installed.
[0.896s] 
[0.897s] [0m
[0.897s] -- Configuring incomplete, errors occurred!
[0.897s] See also "/home/nvidia/UIKA/build/b2w_description/CMakeFiles/CMakeOutput.log".
