[0.045s] Invoking command in '/home/nvidia/UIKA/build/b2w_description': CMAKE_PREFIX_PATH=/opt/ros/humble /usr/bin/cmake /home/nvidia/UIKA/rl_sar-main/src/rl_sar_zoo/b2w_description -DCMAKE_INSTALL_PREFIX=/home/nvidia/UIKA/install/b2w_description
[0.249s] -- The C compiler identification is GNU 11.4.0
[0.438s] -- The CXX compiler identification is GNU 11.4.0
[0.467s] -- Detecting C compiler ABI info
[0.687s] -- Detecting C compiler ABI info - done
[0.706s] -- Check for working C compiler: /usr/bin/cc - skipped
[0.708s] -- Detecting C compile features
[0.709s] -- Detecting C compile features - done
[0.716s] -- Detecting CXX compiler ABI info
[0.937s] -- Detecting CXX compiler ABI info - done
[0.961s] -- Check for working CXX compiler: /usr/bin/c++ - skipped
[0.961s] -- Detecting CXX compile features
[0.961s] -- Detecting CXX compile features - done
[0.965s] -- Found ament_cmake: 1.3.12 (/opt/ros/humble/share/ament_cmake/cmake)
[1.564s] -- Found Python3: /usr/bin/python3 (found version "3.10.12") found components: Interpreter 
[1.813s] -- Found ament_lint_auto: 0.12.14 (/opt/ros/humble/share/ament_lint_auto/cmake)
[1.816s] -- Found urdf: 2.6.1 (/opt/ros/humble/share/urdf/cmake)
[1.947s] -- Configuring incomplete, errors occurred!
[1.948s] [31mCMake Error at CMakeLists.txt:20 (find_package):
[1.948s]   By not providing "Findxacro.cmake" in CMAKE_MODULE_PATH this project has
[1.948s]   asked CMake to find a package configuration file provided by "xacro", but
[1.948s]   CMake did not find one.
[1.948s] 
[1.948s]   Could not find a package configuration file provided by "xacro" with any of
[1.949s]   the following names:
[1.949s] 
[1.949s]     xacroConfig.cmake
[1.949s]     xacro-config.cmake
[1.949s] 
[1.949s]   Add the installation prefix of "xacro" to CMAKE_PREFIX_PATH or set
[1.949s]   "xacro_DIR" to a directory containing one of the above files.  If "xacro"
[1.949s]   provides a separate development package or SDK, be sure it has been
[1.950s]   installed.
[1.950s] 
[1.950s] [0m
[1.950s] See also "/home/nvidia/UIKA/build/b2w_description/CMakeFiles/CMakeOutput.log".
[1.975s] Invoked command in '/home/nvidia/UIKA/build/b2w_description' returned '1': CMAKE_PREFIX_PATH=/opt/ros/humble /usr/bin/cmake /home/nvidia/UIKA/rl_sar-main/src/rl_sar_zoo/b2w_description -DCMAKE_INSTALL_PREFIX=/home/nvidia/UIKA/install/b2w_description
