[0.283s] Invoking command in '/home/elvis/dm-imu/02.例程/ROS2-humble例程/build/dm_imu': CONDA_PROMPT_MODIFIER=(base) PYTHONPATH=/home/elvis/dm-imu/02.例程/ROS2-humble例程/build/dm_imu/prefix_override:/usr/lib/python3/dist-packages/colcon_core/task/python/colcon_distutils_commands:/home/elvis/dm-imu/02.例程/ROS2-humble例程/install/dm_imu/lib/python3.10/site-packages:${PYTHONPATH} /usr/bin/python3 -W ignore:setup.py install is deprecated -W ignore:easy_install command is deprecated setup.py develop --editable --build-directory /home/elvis/dm-imu/02.例程/ROS2-humble例程/build/dm_imu/build --no-deps symlink_data --force
[0.406s] running develop
[0.495s] running egg_info
[0.495s] writing dm_imu.egg-info/PKG-INFO
[0.495s] writing dependency_links to dm_imu.egg-info/dependency_links.txt
[0.495s] writing entry points to dm_imu.egg-info/entry_points.txt
[0.496s] writing requirements to dm_imu.egg-info/requires.txt
[0.496s] writing top-level names to dm_imu.egg-info/top_level.txt
[0.496s] reading manifest file 'dm_imu.egg-info/SOURCES.txt'
[0.497s] writing manifest file 'dm_imu.egg-info/SOURCES.txt'
[0.498s] running build_ext
[0.498s] Creating /home/elvis/dm-imu/02.例程/ROS2-humble例程/install/dm_imu/lib/python3.10/site-packages/dm-imu.egg-link (link to .)
[0.498s] Installing dm_imu_node script to /home/elvis/dm-imu/02.例程/ROS2-humble例程/install/dm_imu/lib/dm_imu
[0.498s] 
[0.498s] Installed /home/elvis/dm-imu/02.例程/ROS2-humble例程/build/dm_imu
[0.498s] running symlink_data
[0.498s] symbolically linking /home/elvis/dm-imu/02.例程/ROS2-humble例程/build/dm_imu/resource/dm_imu -> /home/elvis/dm-imu/02.例程/ROS2-humble例程/install/dm_imu/share/ament_index/resource_index/packages
[0.499s] symbolically linking /home/elvis/dm-imu/02.例程/ROS2-humble例程/build/dm_imu/package.xml -> /home/elvis/dm-imu/02.例程/ROS2-humble例程/install/dm_imu/share/dm_imu
[0.499s] symbolically linking /home/elvis/dm-imu/02.例程/ROS2-humble例程/build/dm_imu/launch/dm_imu.launch.py -> /home/elvis/dm-imu/02.例程/ROS2-humble例程/install/dm_imu/share/dm_imu/launch
[0.499s] symbolically linking /home/elvis/dm-imu/02.例程/ROS2-humble例程/build/dm_imu/launch/dm_imu_rviz.launch.py -> /home/elvis/dm-imu/02.例程/ROS2-humble例程/install/dm_imu/share/dm_imu/launch
[0.499s] symbolically linking /home/elvis/dm-imu/02.例程/ROS2-humble例程/build/dm_imu/config/params.yaml -> /home/elvis/dm-imu/02.例程/ROS2-humble例程/install/dm_imu/share/dm_imu/config
[0.499s] symbolically linking /home/elvis/dm-imu/02.例程/ROS2-humble例程/build/dm_imu/rviz/imu.rviz -> /home/elvis/dm-imu/02.例程/ROS2-humble例程/install/dm_imu/share/dm_imu/rviz
[0.514s] Invoked command in '/home/elvis/dm-imu/02.例程/ROS2-humble例程/build/dm_imu' returned '0': CONDA_PROMPT_MODIFIER=(base) PYTHONPATH=/home/elvis/dm-imu/02.例程/ROS2-humble例程/build/dm_imu/prefix_override:/usr/lib/python3/dist-packages/colcon_core/task/python/colcon_distutils_commands:/home/elvis/dm-imu/02.例程/ROS2-humble例程/install/dm_imu/lib/python3.10/site-packages:${PYTHONPATH} /usr/bin/python3 -W ignore:setup.py install is deprecated -W ignore:easy_install command is deprecated setup.py develop --editable --build-directory /home/elvis/dm-imu/02.例程/ROS2-humble例程/build/dm_imu/build --no-deps symlink_data --force
