[0.247s] Invoking command in '/home/elvis/dm-imu-master/02.例程/ROS2-humble例程': CONDA_PROMPT_MODIFIER=(base) PYTHONPATH=/home/elvis/dm-imu-master/02.例程/ROS2-humble例程/build/dm_imu/prefix_override:/usr/lib/python3/dist-packages/colcon_core/task/python/colcon_distutils_commands:/home/elvis/dm-imu-master/02.例程/ROS2-humble例程/install/dm_imu/lib/python3.10/site-packages:${PYTHONPATH} /usr/bin/python3 -W ignore:setup.py install is deprecated -W ignore:easy_install command is deprecated setup.py egg_info --egg-base build/dm_imu build --build-base /home/elvis/dm-imu-master/02.例程/ROS2-humble例程/build/dm_imu/build install --record /home/elvis/dm-imu-master/02.例程/ROS2-humble例程/build/dm_imu/install.log --single-version-externally-managed install_data
[0.344s] running egg_info
[0.344s] creating build/dm_imu/dm_imu.egg-info
[0.344s] writing build/dm_imu/dm_imu.egg-info/PKG-INFO
[0.344s] writing dependency_links to build/dm_imu/dm_imu.egg-info/dependency_links.txt
[0.344s] writing entry points to build/dm_imu/dm_imu.egg-info/entry_points.txt
[0.344s] writing requirements to build/dm_imu/dm_imu.egg-info/requires.txt
[0.344s] writing top-level names to build/dm_imu/dm_imu.egg-info/top_level.txt
[0.344s] writing manifest file 'build/dm_imu/dm_imu.egg-info/SOURCES.txt'
[0.345s] reading manifest file 'build/dm_imu/dm_imu.egg-info/SOURCES.txt'
[0.345s] adding license file 'LICENSE'
[0.345s] writing manifest file 'build/dm_imu/dm_imu.egg-info/SOURCES.txt'
[0.345s] running build
[0.345s] running build_py
[0.345s] creating /home/elvis/dm-imu-master/02.例程/ROS2-humble例程/build/dm_imu/build
[0.346s] creating /home/elvis/dm-imu-master/02.例程/ROS2-humble例程/build/dm_imu/build/lib
[0.346s] creating /home/elvis/dm-imu-master/02.例程/ROS2-humble例程/build/dm_imu/build/lib/dm_imu
[0.346s] copying dm_imu/node.py -> /home/elvis/dm-imu-master/02.例程/ROS2-humble例程/build/dm_imu/build/lib/dm_imu
[0.346s] copying dm_imu/__init__.py -> /home/elvis/dm-imu-master/02.例程/ROS2-humble例程/build/dm_imu/build/lib/dm_imu
[0.346s] creating /home/elvis/dm-imu-master/02.例程/ROS2-humble例程/build/dm_imu/build/lib/dm_imu/modules
[0.346s] copying dm_imu/modules/dm_crc.py -> /home/elvis/dm-imu-master/02.例程/ROS2-humble例程/build/dm_imu/build/lib/dm_imu/modules
[0.346s] copying dm_imu/modules/__init__.py -> /home/elvis/dm-imu-master/02.例程/ROS2-humble例程/build/dm_imu/build/lib/dm_imu/modules
[0.346s] copying dm_imu/modules/dm_serial.py -> /home/elvis/dm-imu-master/02.例程/ROS2-humble例程/build/dm_imu/build/lib/dm_imu/modules
[0.346s] running install
[0.346s] running install_lib
[0.346s] creating /home/elvis/dm-imu-master/02.例程/ROS2-humble例程/install/dm_imu/lib/python3.10/site-packages/dm_imu
[0.346s] copying /home/elvis/dm-imu-master/02.例程/ROS2-humble例程/build/dm_imu/build/lib/dm_imu/node.py -> /home/elvis/dm-imu-master/02.例程/ROS2-humble例程/install/dm_imu/lib/python3.10/site-packages/dm_imu
[0.346s] copying /home/elvis/dm-imu-master/02.例程/ROS2-humble例程/build/dm_imu/build/lib/dm_imu/__init__.py -> /home/elvis/dm-imu-master/02.例程/ROS2-humble例程/install/dm_imu/lib/python3.10/site-packages/dm_imu
[0.346s] creating /home/elvis/dm-imu-master/02.例程/ROS2-humble例程/install/dm_imu/lib/python3.10/site-packages/dm_imu/modules
[0.346s] copying /home/elvis/dm-imu-master/02.例程/ROS2-humble例程/build/dm_imu/build/lib/dm_imu/modules/dm_crc.py -> /home/elvis/dm-imu-master/02.例程/ROS2-humble例程/install/dm_imu/lib/python3.10/site-packages/dm_imu/modules
[0.346s] copying /home/elvis/dm-imu-master/02.例程/ROS2-humble例程/build/dm_imu/build/lib/dm_imu/modules/__init__.py -> /home/elvis/dm-imu-master/02.例程/ROS2-humble例程/install/dm_imu/lib/python3.10/site-packages/dm_imu/modules
[0.346s] copying /home/elvis/dm-imu-master/02.例程/ROS2-humble例程/build/dm_imu/build/lib/dm_imu/modules/dm_serial.py -> /home/elvis/dm-imu-master/02.例程/ROS2-humble例程/install/dm_imu/lib/python3.10/site-packages/dm_imu/modules
[0.346s] byte-compiling /home/elvis/dm-imu-master/02.例程/ROS2-humble例程/install/dm_imu/lib/python3.10/site-packages/dm_imu/node.py to node.cpython-310.pyc
[0.348s] byte-compiling /home/elvis/dm-imu-master/02.例程/ROS2-humble例程/install/dm_imu/lib/python3.10/site-packages/dm_imu/__init__.py to __init__.cpython-310.pyc
[0.348s] byte-compiling /home/elvis/dm-imu-master/02.例程/ROS2-humble例程/install/dm_imu/lib/python3.10/site-packages/dm_imu/modules/dm_crc.py to dm_crc.cpython-310.pyc
[0.348s] byte-compiling /home/elvis/dm-imu-master/02.例程/ROS2-humble例程/install/dm_imu/lib/python3.10/site-packages/dm_imu/modules/__init__.py to __init__.cpython-310.pyc
[0.348s] byte-compiling /home/elvis/dm-imu-master/02.例程/ROS2-humble例程/install/dm_imu/lib/python3.10/site-packages/dm_imu/modules/dm_serial.py to dm_serial.cpython-310.pyc
[0.349s] running install_data
[0.349s] creating /home/elvis/dm-imu-master/02.例程/ROS2-humble例程/install/dm_imu/share/ament_index
[0.349s] creating /home/elvis/dm-imu-master/02.例程/ROS2-humble例程/install/dm_imu/share/ament_index/resource_index
[0.349s] creating /home/elvis/dm-imu-master/02.例程/ROS2-humble例程/install/dm_imu/share/ament_index/resource_index/packages
[0.349s] copying resource/dm_imu -> /home/elvis/dm-imu-master/02.例程/ROS2-humble例程/install/dm_imu/share/ament_index/resource_index/packages
[0.349s] copying package.xml -> /home/elvis/dm-imu-master/02.例程/ROS2-humble例程/install/dm_imu/share/dm_imu
[0.349s] creating /home/elvis/dm-imu-master/02.例程/ROS2-humble例程/install/dm_imu/share/dm_imu/launch
[0.349s] copying launch/dm_imu.launch.py -> /home/elvis/dm-imu-master/02.例程/ROS2-humble例程/install/dm_imu/share/dm_imu/launch
[0.349s] copying launch/dm_imu_rviz.launch.py -> /home/elvis/dm-imu-master/02.例程/ROS2-humble例程/install/dm_imu/share/dm_imu/launch
[0.349s] creating /home/elvis/dm-imu-master/02.例程/ROS2-humble例程/install/dm_imu/share/dm_imu/config
[0.349s] copying config/params.yaml -> /home/elvis/dm-imu-master/02.例程/ROS2-humble例程/install/dm_imu/share/dm_imu/config
[0.349s] creating /home/elvis/dm-imu-master/02.例程/ROS2-humble例程/install/dm_imu/share/dm_imu/rviz
[0.349s] copying rviz/imu.rviz -> /home/elvis/dm-imu-master/02.例程/ROS2-humble例程/install/dm_imu/share/dm_imu/rviz
[0.349s] running install_egg_info
[0.350s] Copying build/dm_imu/dm_imu.egg-info to /home/elvis/dm-imu-master/02.例程/ROS2-humble例程/install/dm_imu/lib/python3.10/site-packages/dm_imu-0.1.0-py3.10.egg-info
[0.350s] running install_scripts
[0.359s] Installing dm_imu_node script to /home/elvis/dm-imu-master/02.例程/ROS2-humble例程/install/dm_imu/lib/dm_imu
[0.359s] writing list of installed files to '/home/elvis/dm-imu-master/02.例程/ROS2-humble例程/build/dm_imu/install.log'
[0.370s] Invoked command in '/home/elvis/dm-imu-master/02.例程/ROS2-humble例程' returned '0': CONDA_PROMPT_MODIFIER=(base) PYTHONPATH=/home/elvis/dm-imu-master/02.例程/ROS2-humble例程/build/dm_imu/prefix_override:/usr/lib/python3/dist-packages/colcon_core/task/python/colcon_distutils_commands:/home/elvis/dm-imu-master/02.例程/ROS2-humble例程/install/dm_imu/lib/python3.10/site-packages:${PYTHONPATH} /usr/bin/python3 -W ignore:setup.py install is deprecated -W ignore:easy_install command is deprecated setup.py egg_info --egg-base build/dm_imu build --build-base /home/elvis/dm-imu-master/02.例程/ROS2-humble例程/build/dm_imu/build install --record /home/elvis/dm-imu-master/02.例程/ROS2-humble例程/build/dm_imu/install.log --single-version-externally-managed install_data
